Component: ARM Compiler 5.05 update 1 (build 106) Tool: armlink [4d0efa]

==============================================================================

Section Cross References

    main.o(.text) refers to delay.o(.text) for delay_init
    main.o(.text) refers to misc.o(.text) for NVIC_PriorityGroupConfig
    main.o(.text) refers to usart.o(.text) for uart_init
    main.o(.text) refers to led.o(.text) for LED_Init
    main.o(.text) refers to lcd.o(.text) for LCD_Init
    main.o(.text) refers to adc.o(.text) for Adc_Init
    main.o(.text) refers to key.o(.text) for KEY_Init
    main.o(.text) refers to exti.o(.text) for EXTIX_Init
    main.o(.text) refers to fflt_clz.o(x$fpl$ffltu) for __aeabi_ui2f
    main.o(.text) refers to f2d.o(x$fpl$f2d) for __aeabi_f2d
    main.o(.text) refers to dmul.o(x$fpl$dmul) for __aeabi_dmul
    main.o(.text) refers to d2f.o(x$fpl$d2f) for __aeabi_d2f
    main.o(.text) refers to ffixu.o(x$fpl$ffixu) for __aeabi_f2uiz
    main.o(.text) refers to faddsub_clz.o(x$fpl$frsb) for __aeabi_frsub
    main.o(.text) refers to fmul.o(x$fpl$fmul) for __aeabi_fmul
    main.o(.text) refers to lcd.o(.data) for POINT_COLOR
    system_stm32f10x.o(.text) refers to system_stm32f10x.o(.data) for SystemCoreClock
    led.o(.text) refers to stm32f10x_rcc.o(.text) for RCC_APB2PeriphClockCmd
    led.o(.text) refers to stm32f10x_gpio.o(.text) for GPIO_Init
    key.o(.text) refers to stm32f10x_rcc.o(.text) for RCC_APB2PeriphClockCmd
    key.o(.text) refers to stm32f10x_gpio.o(.text) for GPIO_Init
    key.o(.text) refers to delay.o(.text) for delay_ms
    key.o(.text) refers to key.o(.data) for key_up
    lcd.o(.text) refers to _printf_percent.o(.ARM.Collect$$_printf_percent$$00000000) for _printf_percent
    lcd.o(.text) refers to _printf_x.o(.ARM.Collect$$_printf_percent$$0000000C) for _printf_x
    lcd.o(.text) refers to _printf_hex_int.o(.text) for _printf_longlong_hex
    lcd.o(.text) refers to delay.o(.text) for delay_us
    lcd.o(.text) refers to lcd.o(.bss) for lcddev
    lcd.o(.text) refers to lcd.o(.data) for POINT_COLOR
    lcd.o(.text) refers to dflt_clz.o(x$fpl$dfltu) for __aeabi_ui2d
    lcd.o(.text) refers to dmul.o(x$fpl$dmul) for __aeabi_dmul
    lcd.o(.text) refers to dfixu.o(x$fpl$dfixu) for __aeabi_d2uiz
    lcd.o(.text) refers to stm32f10x_rcc.o(.text) for RCC_AHBPeriphClockCmd
    lcd.o(.text) refers to stm32f10x_gpio.o(.text) for GPIO_Init
    lcd.o(.text) refers to stm32f10x_fsmc.o(.text) for FSMC_NORSRAMInit
    lcd.o(.text) refers to noretval__2printf.o(.text) for __2printf
    lcd.o(.text) refers to lcd.o(.constdata) for asc2_1206
    adc.o(.text) refers to stm32f10x_rcc.o(.text) for RCC_APB2PeriphClockCmd
    adc.o(.text) refers to stm32f10x_gpio.o(.text) for GPIO_Init
    adc.o(.text) refers to stm32f10x_adc.o(.text) for ADC_DeInit
    adc.o(.text) refers to delay.o(.text) for delay_ms
    exti.o(.text) refers to lcd.o(.text) for LCD_Fast_DrawPoint
    exti.o(.text) refers to ffixu.o(x$fpl$ffixu) for __aeabi_f2uiz
    exti.o(.text) refers to faddsub_clz.o(x$fpl$fadd) for __aeabi_fadd
    exti.o(.text) refers to fleqf.o(x$fpl$fleqf) for __aeabi_cfcmple
    exti.o(.text) refers to adc.o(.text) for Get_Adc
    exti.o(.text) refers to delay.o(.text) for delay_us
    exti.o(.text) refers to fflt_clz.o(x$fpl$fflt) for __aeabi_i2f
    exti.o(.text) refers to lcd.o(.data) for POINT_COLOR
    exti.o(.text) refers to exti.o(.data) for table
    exti.o(.text) refers to exti.o(.bss) for buf
    exti.o(.text) refers to key.o(.text) for KEY_Init
    exti.o(.text) refers to stm32f10x_rcc.o(.text) for RCC_APB2PeriphClockCmd
    exti.o(.text) refers to stm32f10x_gpio.o(.text) for GPIO_EXTILineConfig
    exti.o(.text) refers to stm32f10x_exti.o(.text) for EXTI_Init
    exti.o(.text) refers to misc.o(.text) for NVIC_Init
    delay.o(.text) refers to misc.o(.text) for SysTick_CLKSourceConfig
    delay.o(.text) refers to system_stm32f10x.o(.data) for SystemCoreClock
    delay.o(.text) refers to delay.o(.data) for fac_us
    usart.o(.text) refers (Special) to use_no_semi_2.o(.text) for __use_no_semihosting
    usart.o(.text) refers to stm32f10x_rcc.o(.text) for RCC_APB2PeriphClockCmd
    usart.o(.text) refers to stm32f10x_gpio.o(.text) for GPIO_Init
    usart.o(.text) refers to misc.o(.text) for NVIC_Init
    usart.o(.text) refers to stm32f10x_usart.o(.text) for USART_Init
    usart.o(.text) refers to usart.o(.data) for USART_RX_STA
    usart.o(.text) refers to usart.o(.bss) for USART_RX_BUF
    usart.o(.bss) refers (Special) to use_no_semi_2.o(.text) for __use_no_semihosting
    usart.o(.data) refers (Special) to use_no_semi_2.o(.text) for __use_no_semihosting
    startup_stm32f10x_hd.o(STACK) refers (Special) to heapauxi.o(.text) for __use_two_region_memory
    startup_stm32f10x_hd.o(HEAP) refers (Special) to heapauxi.o(.text) for __use_two_region_memory
    startup_stm32f10x_hd.o(RESET) refers (Special) to heapauxi.o(.text) for __use_two_region_memory
[...]
    rtexit2.o(.ARM.exidx) refers to rtexit2.o(.ARM.Collect$$rtexit$$00000003) for .ARM.Collect$$rtexit$$00000003
    rtexit2.o(.ARM.exidx) refers to rtexit2.o(.ARM.Collect$$rtexit$$00000004) for .ARM.Collect$$rtexit$$00000004
    argv_veneer.o(.emb_text) refers to no_argv.o(.text) for __ARM_get_argv
    _get_argv_nomalloc.o(.text) refers (Special) to hrguard.o(.text) for __heap_region$guard
    _get_argv_nomalloc.o(.text) refers to defsig_rtmem_outer.o(.text) for __rt_SIGRTMEM
    _get_argv_nomalloc.o(.text) refers to sys_command.o(.text) for _sys_command_string
    libshutdown.o(.ARM.Collect$$libshutdown$$00000000) refers (Special) to libshutdown2.o(.ARM.Collect$$libshutdown$$00000006) for __rt_lib_shutdown_fp_trap_1
    libshutdown.o(.ARM.Collect$$libshutdown$$00000000) refers (Special) to libshutdown2.o(.ARM.Collect$$libshutdown$$0000000E) for __rt_lib_shutdown_heap_1
    libshutdown.o(.ARM.Collect$$libshutdown$$00000000) refers (Special) to libshutdown2.o(.ARM.Collect$$libshutdown$$0000000F) for __rt_lib_shutdown_return
    libshutdown.o(.ARM.Collect$$libshutdown$$00000000) refers (Special) to libshutdown2.o(.ARM.Collect$$libshutdown$$00000009) for __rt_lib_shutdown_signal_1
    libshutdown.o(.ARM.Collect$$libshutdown$$00000000) refers (Special) to libshutdown2.o(.ARM.Collect$$libshutdown$$00000003) for __rt_lib_shutdown_stdio_1
    libshutdown.o(.ARM.Collect$$libshutdown$$00000000) refers (Special) to libshutdown2.o(.ARM.Collect$$libshutdown$$0000000B) for __rt_lib_shutdown_user_alloc_1
    sys_command.o(.text) refers (Special) to use_no_semi.o(.text) for __I$use$semihosting
    sys_command.o(.text) refers (Special) to indicate_semi.o(.text) for __semihosting_library_function
    defsig_rtmem_outer.o(.text) refers to defsig_rtmem_inner.o(.text) for __rt_SIGRTMEM_inner
    defsig_rtmem_outer.o(.text) refers to defsig_exit.o(.text) for __sig_exit
    defsig_rtmem_formal.o(.text) refers to rt_raise.o(.text) for __rt_raise
    rt_raise.o(.text) refers to __raise.o(.text) for __raise
    rt_raise.o(.text) refers to usart.o(.text) for _sys_exit
    defsig_exit.o(.text) refers to usart.o(.text) for _sys_exit
    defsig_rtmem_inner.o(.text) refers to defsig_general.o(.text) for __default_signal_display
    __raise.o(.text) refers to defsig.o(CL$$defsig) for __default_signal_handler
    defsig_general.o(.text) refers to sys_wrch.o(.text) for _ttywrch
    sys_wrch.o(.text) refers (Special) to use_no_semi.o(.text) for __I$use$semihosting
    sys_wrch.o(.text) refers (Special) to indicate_semi.o(.text) for __semihosting_library_function
    defsig.o(CL$$defsig) refers to defsig_rtmem_inner.o(.text) for __rt_SIGRTMEM_inner
    defsig_abrt_inner.o(.text) refers to defsig_general.o(.text) for __default_signal_display
    defsig_fpe_inner.o(.text) refers to defsig_general.o(.text) for __default_signal_display
    defsig_rtred_inner.o(.text) refers to defsig_general.o(.text) for __default_signal_display
    defsig_stak_inner.o(.text) refers to defsig_general.o(.text) for __default_signal_display
    defsig_pvfn_inner.o(.text) refers to defsig_general.o(.text) for __default_signal_display
    defsig_cppl_inner.o(.text) refers to defsig_general.o(.text) for __default_signal_display
    defsig_segv_inner.o(.text) refers to defsig_general.o(.text) for __default_signal_display
    defsig_other.o(.text) refers to defsig_general.o(.text) for __default_signal_display


==============================================================================

Removing Unused input sections from the image.

    Removing sys.o(.emb_text), (6 bytes).
    Removing sys.o(.text), (12 bytes).
    Removing core_cm3.o(.emb_text), (32 bytes).

3 unused section(s) (total 50 bytes) removed from the image.

==============================================================================

Image Symbol Table

    Local Symbols

    Symbol Name                              Value     Ov Type        Size  Object(Section)

    ../clib/angel/boardlib.s                 0x00000000   Number         0  boardshut.o ABSOLUTE
    ../clib/angel/boardlib.s                 0x00000000   Number         0  boardinit1.o ABSOLUTE
    ../clib/angel/boardlib.s                 0x00000000   Number         0  boardinit3.o ABSOLUTE
    ../clib/angel/boardlib.s                 0x00000000   Number         0  boardinit2.o ABSOLUTE
    ../clib/angel/dczerorl2.s                0x00000000   Number         0  __dczerorl2.o ABSOLUTE
    ../clib/angel/handlers.s                 0x00000000   Number         0  __scatter_zi.o ABSOLUTE
    ../clib/angel/kernel.s                   0x00000000   Number         0  __rtentry2.o ABSOLUTE
    ../clib/angel/kernel.s                   0x00000000   Number         0  __rtentry.o ABSOLUTE
    ../clib/angel/kernel.s                   0x00000000   Number         0  rtexit2.o ABSOLUTE
    ../clib/angel/kernel.s                   0x00000000   Number         0  rtexit.o ABSOLUTE
    ../clib/angel/kernel.s                   0x00000000   Number         0  __rtentry4.o ABSOLUTE
    ../clib/angel/rt.s                       0x00000000   Number         0  rt_raise.o ABSOLUTE
    ../clib/angel/scatter.s                  0x00000000   Number         0  __scatter.o ABSOLUTE
    ../clib/angel/startup.s                  0x00000000   Number         0  __main.o ABSOLUTE
    ../clib/angel/sys.s                      0x00000000   Number         0  use_no_semi.o ABSOLUTE
    ../clib/angel/sys.s                      0x00000000   Number         0  use_no_semi_2.o ABSOLUTE
    ../clib/angel/sys.s                      0x00000000   Number         0  indicate_semi.o ABSOLUTE
    ../clib/angel/sys.s                      0x00000000   Number         0  sys_stackheap_outer.o ABSOLUTE
    ../clib/angel/sys.s                      0x00000000   Number         0  libspace.o ABSOLUTE
    ../clib/angel/sysapp.c                   0x00000000   Number         0  sys_command.o ABSOLUTE
    ../clib/angel/sysapp.c                   0x00000000   Number         0  sys_wrch.o ABSOLUTE
    ../clib/armsys.c                         0x00000000   Number         0  argv_veneer.o ABSOLUTE
    ../clib/armsys.c                         0x00000000   Number         0  no_argv.o ABSOLUTE
    ../clib/armsys.c                         0x00000000   Number         0  argv_veneer.o ABSOLUTE
    ../clib/armsys.c                         0x00000000   Number         0  _get_argv_nomalloc.o ABSOLUTE
    ../clib/heapalloc.c                      0x00000000   Number         0  hrguard.o ABSOLUTE
    ../clib/heapaux.c                        0x00000000   Number         0  heapauxi.o ABSOLUTE
    ../clib/libinit.s                        0x00000000   Number         0  libshutdown2.o ABSOLUTE
    ../clib/libinit.s                        0x00000000   Number         0  libinit2.o ABSOLUTE
    ../clib/libinit.s                        0x00000000   Number         0  libinit.o ABSOLUTE
    ../clib/libinit.s                        0x00000000   Number         0  libshutdown.o ABSOLUTE
    ../clib/printf.c                         0x00000000   Number         0  __printf_flags_ss_wp.o ABSOLUTE
    ../clib/printf.c                         0x00000000   Number         0  __printf_ss_wp.o ABSOLUTE
    ../clib/printf.c                         0x00000000   Number         0  __printf_wp.o ABSOLUTE
    ../clib/printf.c                         0x00000000   Number         0  __printf_flags_ss.o ABSOLUTE
    ../clib/printf.c                         0x00000000   Number         0  __printf_ss.o ABSOLUTE
    ../clib/printf.c                         0x00000000   Number         0  __printf_flags_wp.o ABSOLUTE
    ../clib/printf.c                         0x00000000   Number         0  _printf_hex_int.o ABSOLUTE
    ../clib/printf.c                         0x00000000   Number         0  __printf_nopercent.o ABSOLUTE
    ../clib/printf.c                         0x00000000   Number         0  _printf_hex_int_ptr.o ABSOLUTE
    ../clib/printf.c                         0x00000000   Number         0  __printf.o ABSOLUTE
    ../clib/printf.c                         0x00000000   Number         0  _printf_hex_ptr.o ABSOLUTE
    ../clib/printf.c                         0x00000000   Number         0  noretval__2printf.o ABSOLUTE
    ../clib/printf.c                         0x00000000   Number         0  _printf_hex_int_ll.o ABSOLUTE
    ../clib/printf.c                         0x00000000   Number         0  _printf_hex_int_ll_ptr.o ABSOLUTE
    ../clib/printf.c                         0x00000000   Number         0  __2printf.o ABSOLUTE
    ../clib/printf.c                         0x00000000   Number         0  _printf_char_common.o ABSOLUTE
    ../clib/printf.c                         0x00000000   Number         0  __printf_flags.o ABSOLUTE
    ../clib/printf.c                         0x00000000   Number         0  _printf_hex_ll_ptr.o ABSOLUTE
    ../clib/printf.c                         0x00000000   Number         0  _printf_hex_ll.o ABSOLUTE
    ../clib/printf.c                         0x00000000   Number         0  _printf_char_file.o ABSOLUTE
    ../clib/printf.c                         0x00000000   Number         0  _printf_intcommon.o ABSOLUTE
    ../clib/printf_percent.s                 0x00000000   Number         0  _printf_percent.o ABSOLUTE
    ../clib/printf_percent.s                 0x00000000   Number         0  _printf_x.o ABSOLUTE
    ../clib/printf_percent.s                 0x00000000   Number         0  _printf_percent_end.o ABSOLUTE
    ../clib/signal.c                         0x00000000   Number         0  defsig_rtmem_inner.o ABSOLUTE
    ../clib/signal.c                         0x00000000   Number         0  defsig_exit.o ABSOLUTE
    ../clib/signal.c                         0x00000000   Number         0  defsig_rtmem_formal.o ABSOLUTE
    ../clib/signal.c                         0x00000000   Number         0  __raise.o ABSOLUTE
    ../clib/signal.c                         0x00000000   Number         0  defsig_rtmem_outer.o ABSOLUTE
    ../clib/signal.c                         0x00000000   Number         0  defsig_segv_inner.o ABSOLUTE
    ../clib/signal.c                         0x00000000   Number         0  defsig_other.o ABSOLUTE
    ../clib/signal.c                         0x00000000   Number         0  defsig_cppl_inner.o ABSOLUTE
    ../clib/signal.c                         0x00000000   Number         0  defsig_pvfn_inner.o ABSOLUTE
    ../clib/signal.c                         0x00000000   Number         0  defsig_stak_inner.o ABSOLUTE
    ../clib/signal.c                         0x00000000   Number         0  defsig_rtred_inner.o ABSOLUTE
    ../clib/signal.c                         0x00000000   Number         0  defsig_fpe_inner.o ABSOLUTE
    ../clib/signal.c                         0x00000000   Number         0  defsig_abrt_inner.o ABSOLUTE
    ../clib/signal.c                         0x00000000   Number         0  defsig_general.o ABSOLUTE
    ../clib/signal.s                         0x00000000   Number         0  defsig.o ABSOLUTE
    ../clib/stdio.c                          0x00000000   Number         0  ferror_locked.o ABSOLUTE
    ../clib/stdio.c                          0x00000000   Number         0  ferror.o ABSOLUTE
    ../clib/stdlib.c                         0x00000000   Number         0  exit.o ABSOLUTE
    ../fplib/d2f.s                           0x00000000   Number         0  d2f.o ABSOLUTE
    ../fplib/dfixu.s                         0x00000000   Number         0  dfixu.o ABSOLUTE
    ../fplib/dflt.s                          0x00000000   Number         0  dflt_clz.o ABSOLUTE
    ../fplib/dmul.s                          0x00000000   Number         0  dmul.o ABSOLUTE
    ../fplib/dnaninf.s                       0x00000000   Number         0  dnaninf.o ABSOLUTE
    ../fplib/dretinf.s                       0x00000000   Number         0  dretinf.o ABSOLUTE
    ../fplib/f2d.s                           0x00000000   Number         0  f2d.o ABSOLUTE
    ../fplib/faddsub.s                       0x00000000   Number         0  faddsub_clz.o ABSOLUTE
    ../fplib/fcmpi.s                         0x00000000   Number         0  fcmpi.o ABSOLUTE
    ../fplib/ffixu.s                         0x00000000   Number         0  ffixu.o ABSOLUTE
    ../fplib/fflt.s                          0x00000000   Number         0  fflt_clz.o ABSOLUTE
    ../fplib/fleqf.s                         0x00000000   Number         0  fleqf.o ABSOLUTE
    ../fplib/fmul.s                          0x00000000   Number         0  fmul.o ABSOLUTE
    ../fplib/fnaninf.s                       0x00000000   Number         0  fnaninf.o ABSOLUTE
    ../fplib/fpinit.s                        0x00000000   Number         0  fpinit.o ABSOLUTE
    ../fplib/fretinf.s                       0x00000000   Number         0  fretinf.o ABSOLUTE
    ../fplib/usenofp.s                       0x00000000   Number         0  usenofp.o ABSOLUTE
    ..\CORE\core_cm3.c                       0x00000000   Number         0  core_cm3.o ABSOLUTE
    ..\CORE\startup_stm32f10x_hd.s           0x00000000   Number         0  startup_stm32f10x_hd.o ABSOLUTE
    ..\HARDWARE\ADC\adc.c                    0x00000000   Number         0  adc.o ABSOLUTE
    ..\HARDWARE\EXTI\exti.c                  0x00000000   Number         0  exti.o ABSOLUTE
    ..\HARDWARE\KEY\key.c                    0x00000000   Number         0  key.o ABSOLUTE
    ..\HARDWARE\LCD\lcd.c                    0x00000000   Number         0  lcd.o ABSOLUTE
    ..\HARDWARE\LED\led.c                    0x00000000   Number         0  led.o ABSOLUTE
    ..\STM32F10x_FWLib\src\misc.c            0x00000000   Number         0  misc.o ABSOLUTE
    ..\STM32F10x_FWLib\src\stm32f10x_adc.c   0x00000000   Number         0  stm32f10x_adc.o ABSOLUTE
    ..\STM32F10x_FWLib\src\stm32f10x_exti.c  0x00000000   Number         0  stm32f10x_exti.o ABSOLUTE
    ..\STM32F10x_FWLib\src\stm32f10x_fsmc.c  0x00000000   Number         0  stm32f10x_fsmc.o ABSOLUTE
    ..\STM32F10x_FWLib\src\stm32f10x_gpio.c  0x00000000   Number         0  stm32f10x_gpio.o ABSOLUTE
    ..\STM32F10x_FWLib\src\stm32f10x_rcc.c   0x00000000   Number         0  stm32f10x_rcc.o ABSOLUTE
    ..\STM32F10x_FWLib\src\stm32f10x_usart.c 0x00000000   Number         0  stm32f10x_usart.o ABSOLUTE
    ..\SYSTEM\delay\delay.c                  0x00000000   Number         0  delay.o ABSOLUTE
    ..\SYSTEM\sys\sys.c                      0x00000000   Number         0  sys.o ABSOLUTE
    ..\SYSTEM\usart\usart.c                  0x00000000   Number         0  usart.o ABSOLUTE
    ..\\CORE\\core_cm3.c                     0x00000000   Number         0  core_cm3.o ABSOLUTE
    ..\\SYSTEM\\sys\\sys.c                   0x00000000   Number         0  sys.o ABSOLUTE
    dc.s                                     0x00000000   Number         0  dc.o ABSOLUTE
    main.c                                   0x00000000   Number         0  main.o ABSOLUTE
    stm32f10x_it.c                           0x00000000   Number         0  stm32f10x_it.o ABSOLUTE
    system_stm32f10x.c                       0x00000000   Number         0  system_stm32f10x.o ABSOLUTE
    RESET                                    0x08000000   Section      304  startup_stm32f10x_hd.o(RESET)
    !!!main                                  0x08000130   Section        8  __main.o(!!!main)
    !!!scatter                               0x08000138   Section       52  __scatter.o(!!!scatter)
    !!dczerorl2                              0x0800016c   Section       90  __dczerorl2.o(!!dczerorl2)
    !!handler_zi                             0x080001c8   Section       28  __scatter_zi.o(!!handler_zi)
    .ARM.Collect$$_printf_percent$$00000000  0x080001e4   Section        0  _printf_percent.o(.ARM.Collect$$_printf_percent$$00000000)
    .ARM.Collect$$_printf_percent$$0000000C  0x080001e4   Section        6  _printf_x.o(.ARM.Collect$$_printf_percent$$0000000C)
    .ARM.Collect$$_printf_percent$$00000017  0x080001ea   Section        4  _printf_percent_end.o(.ARM.Collect$$_printf_percent$$00000017)
    .ARM.Collect$$libinit$$00000000          0x080001ee   Section        2  libinit.o(.ARM.Collect$$libinit$$00000000)
    .ARM.Collect$$libinit$$00000002          0x080001f0   Section        0  libinit2.o(.ARM.Collect$$libinit$$00000002)
    .ARM.Collect$$libinit$$00000004          0x080001f0   Section        0  libinit2.o(.ARM.Collect$$libinit$$00000004)
    .ARM.Collect$$libinit$$0000000A          0x080001f0   Section        0  libinit2.o(.ARM.Collect$$libinit$$0000000A)
    .ARM.Collect$$libinit$$0000000C          0x080001f0   Section        0  libinit2.o(.ARM.Collect$$libinit$$0000000C)
    .ARM.Collect$$libinit$$0000000E          0x080001f0   Section        0  libinit2.o(.ARM.Collect$$libinit$$0000000E)
    .ARM.Collect$$libinit$$00000011          0x080001f0   Section        0  libinit2.o(.ARM.Collect$$libinit$$00000011)
    .ARM.Collect$$libinit$$00000013          0x080001f0   Section        0  libinit2.o(.ARM.Collect$$libinit$$00000013)
    .ARM.Collect$$libinit$$00000015          0x080001f0   Section        0  libinit2.o(.ARM.Collect$$libinit$$00000015)
    .ARM.Collect$$libinit$$00000017          0x080001f0   Section        0  libinit2.o(.ARM.Collect$$libinit$$00000017)
    .ARM.Collect$$libinit$$00000019          0x080001f0   Section        0  libinit2.o(.ARM.Collect$$libinit$$00000019)
    .ARM.Collect$$libinit$$0000001B          0x080001f0   Section        0  libinit2.o(.ARM.Collect$$libinit$$0000001B)
    .ARM.Collect$$libinit$$0000001D          0x080001f0   Section        0  libinit2.o(.ARM.Collect$$libinit$$0000001D)
    .ARM.Collect$$libinit$$0000001F          0x080001f0   Section        0  libinit2.o(.ARM.Collect$$libinit$$0000001F)
    .ARM.Collect$$libinit$$00000021          0x080001f0   Section        0  libinit2.o(.ARM.Collect$$libinit$$00000021)
    .ARM.Collect$$libinit$$00000023          0x080001f0   Section        0  libinit2.o(.ARM.Collect$$libinit$$00000023)
    .ARM.Collect$$libinit$$00000025          0x080001f0   Section        0  libinit2.o(.ARM.Collect$$libinit$$00000025)
    .ARM.Collect$$libinit$$0000002C          0x080001f0   Section        0  libinit2.o(.ARM.Collect$$libinit$$0000002C)
    .ARM.Collect$$libinit$$0000002E          0x080001f0   Section        0  libinit2.o(.ARM.Collect$$libinit$$0000002E)
    .ARM.Collect$$libinit$$00000030          0x080001f0   Section        0  libinit2.o(.ARM.Collect$$libinit$$00000030)
    .ARM.Collect$$libinit$$00000032          0x080001f0   Section        0  libinit2.o(.ARM.Collect$$libinit$$00000032)
    .ARM.Collect$$libinit$$00000033          0x080001f0   Section        2  libinit2.o(.ARM.Collect$$libinit$$00000033)
    .ARM.Collect$$libshutdown$$00000000      0x080001f2   Section        2  libshutdown.o(.ARM.Collect$$libshutdown$$00000000)
    .ARM.Collect$$libshutdown$$00000003      0x080001f4   Section        0  libshutdown2.o(.ARM.Collect$$libshutdown$$00000003)
    .ARM.Collect$$libshutdown$$00000006      0x080001f4   Section        0  libshutdown2.o(.ARM.Collect$$libshutdown$$00000006)
    .ARM.Collect$$libshutdown$$00000009      0x080001f4   Section        0  libshutdown2.o(.ARM.Collect$$libshutdown$$00000009)
    .ARM.Collect$$libshutdown$$0000000B      0x080001f4   Section        0  libshutdown2.o(.ARM.Collect$$libshutdown$$0000000B)
    .ARM.Collect$$libshutdown$$0000000E      0x080001f4   Section        0  libshutdown2.o(.ARM.Collect$$libshutdown$$0000000E)
    .ARM.Collect$$libshutdown$$0000000F      0x080001f4   Section        2  libshutdown2.o(.ARM.Collect$$libshutdown$$0000000F)
    .ARM.Collect$$rtentry$$00000000          0x080001f6   Section        0  __rtentry.o(.ARM.Collect$$rtentry$$00000000)
    .ARM.Collect$$rtentry$$00000002          0x080001f6   Section        0  __rtentry2.o(.ARM.Collect$$rtentry$$00000002)
    .ARM.Collect$$rtentry$$00000004          0x080001f6   Section        6  __rtentry4.o(.ARM.Collect$$rtentry$$00000004)
    .ARM.Collect$$rtentry$$00000009          0x080001fc   Section        0  __rtentry2.o(.ARM.Collect$$rtentry$$00000009)
    .ARM.Collect$$rtentry$$0000000A          0x080001fc   Section        4  __rtentry2.o(.ARM.Collect$$rtentry$$0000000A)
    .ARM.Collect$$rtentry$$0000000C          0x08000200   Section        0  __rtentry2.o(.ARM.Collect$$rtentry$$0000000C)
    .ARM.Collect$$rtentry$$0000000D          0x08000200   Section        8  __rtentry2.o(.ARM.Collect$$rtentry$$0000000D)
    .ARM.Collect$$rtexit$$00000000           0x08000208   Section        2  rtexit.o(.ARM.Collect$$rtexit$$00000000)
    .ARM.Collect$$rtexit$$00000002           0x0800020a   Section        0  rtexit2.o(.ARM.Collect$$rtexit$$00000002)
    .ARM.Collect$$rtexit$$00000003           0x0800020a   Section        4  rtexit2.o(.ARM.Collect$$rtexit$$00000003)
    .ARM.Collect$$rtexit$$00000004           0x0800020e   Section        6  rtexit2.o(.ARM.Collect$$rtexit$$00000004)
    .text                                    0x08000214   Section        0  main.o(.text)
    .text                                    0x080002e8   Section        0  stm32f10x_it.o(.text)
    .text                                    0x08000304   Section        0  system_stm32f10x.o(.text)
    SetSysClockTo72                          0x08000305   Thumb Code   214  system_stm32f10x.o(.text)
    SetSysClock                              0x080003db   Thumb Code     8  system_stm32f10x.o(.text)
    .text                                    0x080004e4   Section        0  led.o(.text)
    .text                                    0x08000530   Section        0  key.o(.text)
    .text                                    0x0800062c   Section        0  lcd.o(.text)
    .text                                    0x08005088   Section        0  adc.o(.text)
    .text                                    0x08005174   Section        0  exti.o(.text)
    .text                                    0x08005828   Section        0  delay.o(.text)
    .text                                    0x080058fc   Section        0  usart.o(.text)
    .text                                    0x08005a3c   Section       64  startup_stm32f10x_hd.o(.text)
    .text                                    0x08005a7c   Section        0  misc.o(.text)
    .text                                    0x08005b58   Section        0  stm32f10x_adc.o(.text)
    .text                                    0x08005fa8   Section        0  stm32f10x_fsmc.o(.text)
    .text                                    0x080065b4   Section        0  stm32f10x_gpio.o(.text)
    .text                                    0x08006910   Section        0  stm32f10x_rcc.o(.text)
    .text                                    0x08006cb4   Section        0  stm32f10x_usart.o(.text)
    .text                                    0x080070bc   Section        0  stm32f10x_exti.o(.text)
    .text                                    0x080071d8   Section        2  use_no_semi_2.o(.text)
    .text                                    0x080071dc   Section        0  noretval__2printf.o(.text)
    .text                                    0x080071f4   Section        0  __printf.o(.text)
    .text                                    0x0800725c   Section        0  _printf_hex_int.o(.text)
    .text                                    0x080072b4   Section        0  heapauxi.o(.text)
    .text                                    0x080072ba   Section        2  use_no_semi.o(.text)
    .text                                    0x080072bc   Section        0  _printf_intcommon.o(.text)
    .text                                    0x08007370   Section        0  _printf_char_file.o(.text)
    .text                                    0x08007394   Section        0  _printf_char_common.o(.text)
    _printf_input_char                       0x08007395   Thumb Code    10  _printf_char_common.o(.text)
    .text                                    0x080073c4   Section        0  ferror.o(.text)
    .text                                    0x080073cc   Section       74  sys_stackheap_outer.o(.text)
    .text                                    0x08007416   Section        0  exit.o(.text)
    .text                                    0x08007424   Section        8  libspace.o(.text)
    x$fpl$d2f                                0x0800742c   Section       98  d2f.o(x$fpl$d2f)
    x$fpl$dfixu                              0x08007490   Section       90  dfixu.o(x$fpl$dfixu)
    x$fpl$dfltu                              0x080074ea   Section       38  dflt_clz.o(x$fpl$dfltu)
    x$fpl$dmul                               0x08007510   Section      340  dmul.o(x$fpl$dmul)
    x$fpl$dnaninf                            0x08007664   Section      156  dnaninf.o(x$fpl$dnaninf)
    x$fpl$dretinf                            0x08007700   Section       12  dretinf.o(x$fpl$dretinf)
    x$fpl$f2d                                0x0800770c   Section       86  f2d.o(x$fpl$f2d)
    x$fpl$fadd                               0x08007764   Section      196  faddsub_clz.o(x$fpl$fadd)
    _fadd1                                   0x08007773   Thumb Code     0  faddsub_clz.o(x$fpl$fadd)
    x$fpl$fcmpinf                            0x08007828   Section       24  fcmpi.o(x$fpl$fcmpinf)
    x$fpl$ffixu                              0x08007840   Section       62  ffixu.o(x$fpl$ffixu)
    x$fpl$fflt                               0x08007880   Section       48  fflt_clz.o(x$fpl$fflt)
    x$fpl$ffltu                              0x080078b0   Section       38  fflt_clz.o(x$fpl$ffltu)
    x$fpl$fleqf                              0x080078d8   Section      104  fleqf.o(x$fpl$fleqf)
    x$fpl$fmul                               0x08007940   Section      258  fmul.o(x$fpl$fmul)
    x$fpl$fnaninf                            0x08007a42   Section      140  fnaninf.o(x$fpl$fnaninf)
    x$fpl$fretinf                            0x08007ace   Section       10  fretinf.o(x$fpl$fretinf)
    x$fpl$frsb                               0x08007ad8   Section       20  faddsub_clz.o(x$fpl$frsb)
    x$fpl$fsub                               0x08007aec   Section      234  faddsub_clz.o(x$fpl$fsub)
    _fsub1                                   0x08007afb   Thumb Code     0  faddsub_clz.o(x$fpl$fsub)
    .constdata                               0x08007bd6   Section     6080  lcd.o(.constdata)
    x$fpl$usenofp                            0x08007bd6   Section        0  usenofp.o(x$fpl$usenofp)
    .constdata                               0x08009396   Section       40  _printf_hex_int.o(.constdata)
    uc_hextab                                0x08009396   Data          20  _printf_hex_int.o(.constdata)
    lc_hextab                                0x080093aa   Data          20  _printf_hex_int.o(.constdata)
    .data                                    0x20000000   Section       20  system_stm32f10x.o(.data)
    .data                                    0x20000014   Section        1  key.o(.data)
    key_up                                   0x20000014   Data           1  key.o(.data)
    .data                                    0x20000016   Section        4  lcd.o(.data)
    .data                                    0x2000001c   Section      508  exti.o(.data)
    .data                                    0x20000218   Section        4  delay.o(.data)
    fac_us                                   0x20000218   Data           1  delay.o(.data)
    fac_ms                                   0x2000021a   Data           2  delay.o(.data)
    .data                                    0x2000021c   Section        6  usart.o(.data)
    .data                                    0x20000222   Section       20  stm32f10x_rcc.o(.data)
    APBAHBPrescTable                         0x20000222   Data          16  stm32f10x_rcc.o(.data)
    ADCPrescTable                            0x20000232   Data           4  stm32f10x_rcc.o(.data)
    .bss                                     0x20000238   Section       14  lcd.o(.bss)
    .bss                                     0x20000246   Section    12000  exti.o(.bss)
    .bss                                     0x20003126   Section      200  usart.o(.bss)
    .bss                                     0x200031f0   Section       96  libspace.o(.bss)
    HEAP                                     0x20003250   Section      512  startup_stm32f10x_hd.o(HEAP)
    Heap_Mem                                 0x20003250   Data         512  startup_stm32f10x_hd.o(HEAP)
    STACK                                    0x20003450   Section     1024  startup_stm32f10x_hd.o(STACK)
    Stack_Mem                                0x20003450   Data        1024  startup_stm32f10x_hd.o(STACK)
    __initial_sp                             0x20003850   Data           0  startup_stm32f10x_hd.o(STACK)

    Global Symbols

    Symbol Name                              Value     Ov Type        Size  Object(Section)

    BuildAttributes$$THM_ISAv4$P$D$K$B$S$PE$A:L22UL41UL21$X:L11$S22US41US21$IEEE1$IW$USESV6$~STKCKD$USESV7$~SHL$OSPACE$ROPI$EBA8$UX$STANDARDLIB$REQ8$PRES8$EABIv2 0x00000000   Number         0  anon$$obj.o ABSOLUTE
    __ARM_use_no_argv                        0x00000000   Number         0  main.o ABSOLUTE
    __ARM_exceptions_init                     - Undefined Weak Reference
    __alloca_initialize                       - Undefined Weak Reference
    __arm_preinit_                            - Undefined Weak Reference
    __cpp_initialize__aeabi_                  - Undefined Weak Reference
    __cxa_finalize                            - Undefined Weak Reference
    __rt_locale                               - Undefined Weak Reference
    __sigvec_lookup                           - Undefined Weak Reference
    _atexit_init                              - Undefined Weak Reference
    _call_atexit_fns                          - Undefined Weak Reference
    _clock_init                               - Undefined Weak Reference
    _fp_trap_init                             - Undefined Weak Reference
    _fp_trap_shutdown                         - Undefined Weak Reference
    _get_lc_collate                           - Undefined Weak Reference
    _get_lc_ctype                             - Undefined Weak Reference
    _get_lc_monetary                          - Undefined Weak Reference
    _get_lc_numeric                           - Undefined Weak Reference
    _get_lc_time                              - Undefined Weak Reference
    _getenv_init                              - Undefined Weak Reference
    _handle_redirection                       - Undefined Weak Reference
    _init_alloc                               - Undefined Weak Reference
    _init_user_alloc                          - Undefined Weak Reference
    _initio                                   - Undefined Weak Reference
    _mutex_acquire                            - Undefined Weak Reference
    _mutex_release                            - Undefined Weak Reference
    _printf_post_padding                      - Undefined Weak Reference
    _printf_pre_padding                       - Undefined Weak Reference
    _printf_truncate_unsigned                 - Undefined Weak Reference
    _rand_init                                - Undefined Weak Reference
    _signal_finish                            - Undefined Weak Reference
    _signal_init                              - Undefined Weak Reference
    _terminate_alloc                          - Undefined Weak Reference
    _terminate_user_alloc                     - Undefined Weak Reference
    _terminateio                              - Undefined Weak Reference
    __Vectors_Size                           0x00000130   Number         0  startup_stm32f10x_hd.o ABSOLUTE
    __Vectors                                0x08000000   Data           4  startup_stm32f10x_hd.o(RESET)
    __Vectors_End                            0x08000130   Data           0  startup_stm32f10x_hd.o(RESET)
    __main                                   0x08000131   Thumb Code     8  __main.o(!!!main)
    __scatterload                            0x08000139   Thumb Code     0  __scatter.o(!!!scatter)
    __scatterload_rt2                        0x08000139   Thumb Code    44  __scatter.o(!!!scatter)
    __scatterload_rt2_thumb_only             0x08000139   Thumb Code     0  __scatter.o(!!!scatter)
    __scatterload_null                       0x08000147   Thumb Code     0  __scatter.o(!!!scatter)
    __decompress                             0x0800016d   Thumb Code    90  __dczerorl2.o(!!dczerorl2)
    __decompress1                            0x0800016d   Thumb Code     0  __dczerorl2.o(!!dczerorl2)
    __scatterload_zeroinit                   0x080001c9   Thumb Code    28  __scatter_zi.o(!!handler_zi)
    _printf_percent                          0x080001e5   Thumb Code     0  _printf_percent.o(.ARM.Collect$$_printf_percent$$00000000)
    _printf_x                                0x080001e5   Thumb Code     0  _printf_x.o(.ARM.Collect$$_printf_percent$$0000000C)
    _printf_percent_end                      0x080001eb   Thumb Code     0  _printf_percent_end.o(.ARM.Collect$$_printf_percent$$00000017)
    __rt_lib_init                            0x080001ef   Thumb Code     0  libinit.o(.ARM.Collect$$libinit$$00000000)
    __rt_lib_init_alloca_1                   0x080001f1   Thumb Code     0  libinit2.o(.ARM.Collect$$libinit$$0000002E)
    __rt_lib_init_argv_1                     0x080001f1   Thumb Code     0  libinit2.o(.ARM.Collect$$libinit$$0000002C)
    __rt_lib_init_atexit_1                   0x080001f1   Thumb Code     0  libinit2.o(.ARM.Collect$$libinit$$0000001B)
    __rt_lib_init_clock_1                    0x080001f1   Thumb Code     0  libinit2.o(.ARM.Collect$$libinit$$00000021)
    __rt_lib_init_cpp_1                      0x080001f1   Thumb Code     0  libinit2.o(.ARM.Collect$$libinit$$00000032)
    __rt_lib_init_exceptions_1               0x080001f1   Thumb Code     0  libinit2.o(.ARM.Collect$$libinit$$00000030)
    __rt_lib_init_fp_1                       0x080001f1   Thumb Code     0  libinit2.o(.ARM.Collect$$libinit$$00000002)
    __rt_lib_init_fp_trap_1                  0x080001f1   Thumb Code     0  libinit2.o(.ARM.Collect$$libinit$$0000001F)
    __rt_lib_init_getenv_1                   0x080001f1   Thumb Code     0  libinit2.o(.ARM.Collect$$libinit$$00000023)
    __rt_lib_init_heap_1                     0x080001f1   Thumb Code     0  libinit2.o(.ARM.Collect$$libinit$$0000000A)
    __rt_lib_init_lc_collate_1               0x080001f1   Thumb Code     0  libinit2.o(.ARM.Collect$$libinit$$00000011)
    __rt_lib_init_lc_ctype_1                 0x080001f1   Thumb Code     0  libinit2.o(.ARM.Collect$$libinit$$00000013)
    __rt_lib_init_lc_monetary_1              0x080001f1   Thumb Code     0  libinit2.o(.ARM.Collect$$libinit$$00000015)
    __rt_lib_init_lc_numeric_1               0x080001f1   Thumb Code     0  libinit2.o(.ARM.Collect$$libinit$$00000017)
    __rt_lib_init_lc_time_1                  0x080001f1   Thumb Code     0  libinit2.o(.ARM.Collect$$libinit$$00000019)
    __rt_lib_init_preinit_1                  0x080001f1   Thumb Code     0  libinit2.o(.ARM.Collect$$libinit$$00000004)
    __rt_lib_init_rand_1                     0x080001f1   Thumb Code     0  libinit2.o(.ARM.Collect$$libinit$$0000000E)
    __rt_lib_init_return                     0x080001f1   Thumb Code     0  libinit2.o(.ARM.Collect$$libinit$$00000033)
    __rt_lib_init_signal_1                   0x080001f1   Thumb Code     0  libinit2.o(.ARM.Collect$$libinit$$0000001D)
    __rt_lib_init_stdio_1                    0x080001f1   Thumb Code     0  libinit2.o(.ARM.Collect$$libinit$$00000025)
    __rt_lib_init_user_alloc_1               0x080001f1   Thumb Code     0  libinit2.o(.ARM.Collect$$libinit$$0000000C)
    __rt_lib_shutdown                        0x080001f3   Thumb Code     0  libshutdown.o(.ARM.Collect$$libshutdown$$00000000)
    __rt_lib_shutdown_fp_trap_1              0x080001f5   Thumb Code     0  libshutdown2.o(.ARM.Collect$$libshutdown$$00000006)
    __rt_lib_shutdown_heap_1                 0x080001f5   Thumb Code     0  libshutdown2.o(.ARM.Collect$$libshutdown$$0000000E)
    __rt_lib_shutdown_return                 0x080001f5   Thumb Code     0  libshutdown2.o(.ARM.Collect$$libshutdown$$0000000F)
    __rt_lib_shutdown_signal_1               0x080001f5   Thumb Code     0  libshutdown2.o(.ARM.Collect$$libshutdown$$00000009)
    __rt_lib_shutdown_stdio_1                0x080001f5   Thumb Code     0  libshutdown2.o(.ARM.Collect$$libshutdown$$00000003)
    __rt_lib_shutdown_user_alloc_1           0x080001f5   Thumb Code     0  libshutdown2.o(.ARM.Collect$$libshutdown$$0000000B)
    __rt_entry                               0x080001f7   Thumb Code     0  __rtentry.o(.ARM.Collect$$rtentry$$00000000)
    __rt_entry_presh_1                       0x080001f7   Thumb Code     0  __rtentry2.o(.ARM.Collect$$rtentry$$00000002)
    __rt_entry_sh                            0x080001f7   Thumb Code     0  __rtentry4.o(.ARM.Collect$$rtentry$$00000004)
    __rt_entry_li                            0x080001fd   Thumb Code     0  __rtentry2.o(.ARM.Collect$$rtentry$$0000000A)
    __rt_entry_postsh_1                      0x080001fd   Thumb Code     0  __rtentry2.o(.ARM.Collect$$rtentry$$00000009)
    __rt_entry_main                          0x08000201   Thumb Code     0  __rtentry2.o(.ARM.Collect$$rtentry$$0000000D)
    __rt_entry_postli_1                      0x08000201   Thumb Code     0  __rtentry2.o(.ARM.Collect$$rtentry$$0000000C)
    __rt_exit                                0x08000209   Thumb Code     0  rtexit.o(.ARM.Collect$$rtexit$$00000000)
    __rt_exit_ls                             0x0800020b   Thumb Code     0  rtexit2.o(.ARM.Collect$$rtexit$$00000003)
    __rt_exit_prels_1                        0x0800020b   Thumb Code     0  rtexit2.o(.ARM.Collect$$rtexit$$00000002)
    __rt_exit_exit                           0x0800020f   Thumb Code     0  rtexit2.o(.ARM.Collect$$rtexit$$00000004)
    main                                     0x08000215   Thumb Code   184  main.o(.text)
    NMI_Handler                              0x080002e9   Thumb Code     2  stm32f10x_it.o(.text)
    HardFault_Handler                        0x080002eb   Thumb Code     4  stm32f10x_it.o(.text)
    MemManage_Handler                        0x080002ef   Thumb Code     4  stm32f10x_it.o(.text)
    BusFault_Handler                         0x080002f3   Thumb Code     4  stm32f10x_it.o(.text)
    UsageFault_Handler                       0x080002f7   Thumb Code     4  stm32f10x_it.o(.text)
    SVC_Handler                              0x080002fb   Thumb Code     2  stm32f10x_it.o(.text)
    DebugMon_Handler                         0x080002fd   Thumb Code     2  stm32f10x_it.o(.text)
    PendSV_Handler                           0x080002ff   Thumb Code     2  stm32f10x_it.o(.text)
    SysTick_Handler                          0x08000301   Thumb Code     2  stm32f10x_it.o(.text)
    SystemInit                               0x080003e3   Thumb Code    78  system_stm32f10x.o(.text)
    SystemCoreClockUpdate                    0x08000431   Thumb Code   142  system_stm32f10x.o(.text)
    LED_Init                                 0x080004e5   Thumb Code    68  led.o(.text)
    KEY_Init                                 0x08000531   Thumb Code    52  key.o(.text)
    KEY_Scan                                 0x08000565   Thumb Code   188  key.o(.text)
    LCD_WR_REG                               0x0800062d   Thumb Code     6  lcd.o(.text)
    LCD_WR_DATA                              0x08000633   Thumb Code     8  lcd.o(.text)
    LCD_RD_DATA                              0x0800063b   Thumb Code    16  lcd.o(.text)
    LCD_WriteReg                             0x0800064b   Thumb Code    10  lcd.o(.text)
    LCD_ReadReg                              0x08000655   Thumb Code    22  lcd.o(.text)
    LCD_WriteRAM_Prepare                     0x0800066b   Thumb Code    10  lcd.o(.text)
    LCD_WriteRAM                             0x08000675   Thumb Code     8  lcd.o(.text)
    LCD_BGR2RGB                              0x0800067d   Thumb Code    26  lcd.o(.text)
    opt_delay                                0x08000697   Thumb Code    14  lcd.o(.text)
    LCD_SetCursor                            0x080006a5   Thumb Code   418  lcd.o(.text)
    LCD_ReadPoint                            0x08000847   Thumb Code   360  lcd.o(.text)
    LCD_DisplayOn                            0x080009af   Thumb Code   102  lcd.o(.text)
    LCD_DisplayOff                           0x08000a15   Thumb Code    90  lcd.o(.text)
    LCD_Scan_Dir                             0x08000a6f   Thumb Code   744  lcd.o(.text)
    LCD_DrawPoint                            0x08000d57   Thumb Code    28  lcd.o(.text)
    LCD_Fast_DrawPoint                       0x08000d73   Thumb Code   384  lcd.o(.text)
    LCD_SSD_BackLightSet                     0x08000ef3   Thumb Code    80  lcd.o(.text)
    LCD_Display_Dir                          0x08000f43   Thumb Code   444  lcd.o(.text)
    LCD_Set_Window                           0x080010ff   Thumb Code   540  lcd.o(.text)
    LCD_Clear                                0x0800131b   Thumb Code   100  lcd.o(.text)
    LCD_Init                                 0x0800137f   Thumb Code 14190  lcd.o(.text)
    LCD_Fill                                 0x08004aed   Thumb Code   178  lcd.o(.text)
    LCD_Color_Fill                           0x08004b9f   Thumb Code   106  lcd.o(.text)
    LCD_DrawLine                             0x08004c09   Thumb Code   176  lcd.o(.text)
    LCD_DrawRectangle                        0x08004cb9   Thumb Code    60  lcd.o(.text)
    LCD_Draw_Circle                          0x08004cf5   Thumb Code   152  lcd.o(.text)
    LCD_ShowChar                             0x08004d8d   Thumb Code   272  lcd.o(.text)
    LCD_Pow                                  0x08004e9d   Thumb Code    22  lcd.o(.text)
    LCD_ShowNum                              0x08004eb3   Thumb Code   148  lcd.o(.text)
    LCD_ShowxNum                             0x08004f47   Thumb Code   220  lcd.o(.text)
    LCD_ShowString                           0x08005023   Thumb Code   102  lcd.o(.text)
    Adc_Init                                 0x08005089   Thumb Code   134  adc.o(.text)
    Get_Adc                                  0x0800510f   Thumb Code    46  adc.o(.text)
    Get_Adc_Average                          0x0800513d   Thumb Code    46  adc.o(.text)
    drawgaid                                 0x08005175   Thumb Code    80  exti.o(.text)
    clear_point                              0x080051c5   Thumb Code   296  exti.o(.text)
    DrawOscillogramSingle                    0x080052ed   Thumb Code   400  exti.o(.text)
    DrawOscillogramDouble                    0x0800547d   Thumb Code   760  exti.o(.text)
    EXTIX_Init                               0x08005775   Thumb Code    88  exti.o(.text)
    EXTI4_IRQHandler                         0x080057cd   Thumb Code    34  exti.o(.text)
    delay_init                               0x08005829   Thumb Code    50  delay.o(.text)
    delay_us                                 0x0800585b   Thumb Code    72  delay.o(.text)
    delay_ms                                 0x080058a3   Thumb Code    72  delay.o(.text)
    _sys_exit                                0x080058fd   Thumb Code     6  usart.o(.text)
    fputc                                    0x08005903   Thumb Code    24  usart.o(.text)
    uart_init                                0x0800591b   Thumb Code   152  usart.o(.text)
    USART1_IRQHandler                        0x080059b3   Thumb Code   122  usart.o(.text)
    Reset_Handler                            0x08005a3d   Thumb Code     8  startup_stm32f10x_hd.o(.text)
    ADC1_2_IRQHandler                        0x08005a57   Thumb Code     0  startup_stm32f10x_hd.o(.text)
    ADC3_IRQHandler                          0x08005a57   Thumb Code     0  startup_stm32f10x_hd.o(.text)
    CAN1_RX1_IRQHandler                      0x08005a57   Thumb Code     0  startup_stm32f10x_hd.o(.text)
    CAN1_SCE_IRQHandler                      0x08005a57   Thumb Code     0  startup_stm32f10x_hd.o(.text)
    DMA1_Channel1_IRQHandler                 0x08005a57   Thumb Code     0  startup_stm32f10x_hd.o(.text)
    DMA1_Channel2_IRQHandler                 0x08005a57   Thumb Code     0  startup_stm32f10x_hd.o(.text)
    DMA1_Channel3_IRQHandler                 0x08005a57   Thumb Code     0  startup_stm32f10x_hd.o(.text)
    DMA1_Channel4_IRQHandler                 0x08005a57   Thumb Code     0  startup_stm32f10x_hd.o(.text)
    DMA1_Channel5_IRQHandler                 0x08005a57   Thumb Code     0  startup_stm32f10x_hd.o(.text)
    DMA1_Channel6_IRQHandler                 0x08005a57   Thumb Code     0  startup_stm32f10x_hd.o(.text)
    DMA1_Channel7_IRQHandler                 0x08005a57   Thumb Code     0  startup_stm32f10x_hd.o(.text)
    DMA2_Channel1_IRQHandler                 0x08005a57   Thumb Code     0  startup_stm32f10x_hd.o(.text)
    DMA2_Channel2_IRQHandler                 0x08005a57   Thumb Code     0  startup_stm32f10x_hd.o(.text)
    DMA2_Channel3_IRQHandler                 0x08005a57   Thumb Code     0  startup_stm32f10x_hd.o(.text)
    DMA2_Channel4_5_IRQHandler               0x08005a57   Thumb Code     0  startup_stm32f10x_hd.o(.text)
    EXTI0_IRQHandler                         0x08005a57   Thumb Code     0  startup_stm32f10x_hd.o(.text)
    EXTI15_10_IRQHandler                     0x08005a57   Thumb Code     0  startup_stm32f10x_hd.o(.text)
    EXTI1_IRQHandler                         0x08005a57   Thumb Code     0  startup_stm32f10x_hd.o(.text)
    EXTI2_IRQHandler                         0x08005a57   Thumb Code     0  startup_stm32f10x_hd.o(.text)
    EXTI3_IRQHandler                         0x08005a57   Thumb Code     0  startup_stm32f10x_hd.o(.text)
    EXTI9_5_IRQHandler                       0x08005a57   Thumb Code     0  startup_stm32f10x_hd.o(.text)
    FLASH_IRQHandler                         0x08005a57   Thumb Code     0  startup_stm32f10x_hd.o(.text)
    FSMC_IRQHandler                          0x08005a57   Thumb Code     0  startup_stm32f10x_hd.o(.text)
    I2C1_ER_IRQHandler                       0x08005a57   Thumb Code     0  startup_stm32f10x_hd.o(.text)
    I2C1_EV_IRQHandler                       0x08005a57   Thumb Code     0  startup_stm32f10x_hd.o(.text)
    I2C2_ER_IRQHandler                       0x08005a57   Thumb Code     0  startup_stm32f10x_hd.o(.text)
    I2C2_EV_IRQHandler                       0x08005a57   Thumb Code     0  startup_stm32f10x_hd.o(.text)
    PVD_IRQHandler                           0x08005a57   Thumb Code     0  startup_stm32f10x_hd.o(.text)
    RCC_IRQHandler                           0x08005a57   Thumb Code     0  startup_stm32f10x_hd.o(.text)
    RTCAlarm_IRQHandler                      0x08005a57   Thumb Code     0  startup_stm32f10x_hd.o(.text)
    RTC_IRQHandler                           0x08005a57   Thumb Code     0  startup_stm32f10x_hd.o(.text)
    SDIO_IRQHandler                          0x08005a57   Thumb Code     0  startup_stm32f10x_hd.o(.text)
    SPI1_IRQHandler                          0x08005a57   Thumb Code     0  startup_stm32f10x_hd.o(.text)
    SPI2_IRQHandler                          0x08005a57   Thumb Code     0  startup_stm32f10x_hd.o(.text)
    SPI3_IRQHandler                          0x08005a57   Thumb Code     0  startup_stm32f10x_hd.o(.text)
    TAMPER_IRQHandler                        0x08005a57   Thumb Code     0  startup_stm32f10x_hd.o(.text)
    TIM1_BRK_IRQHandler                      0x08005a57   Thumb Code     0  startup_stm32f10x_hd.o(.text)
    TIM1_CC_IRQHandler                       0x08005a57   Thumb Code     0  startup_stm32f10x_hd.o(.text)
    TIM1_TRG_COM_IRQHandler                  0x08005a57   Thumb Code     0  startup_stm32f10x_hd.o(.text)
    TIM1_UP_IRQHandler                       0x08005a57   Thumb Code     0  startup_stm32f10x_hd.o(.text)
    TIM2_IRQHandler                          0x08005a57   Thumb Code     0  startup_stm32f10x_hd.o(.text)
    TIM3_IRQHandler                          0x08005a57   Thumb Code     0  startup_stm32f10x_hd.o(.text)
    TIM4_IRQHandler                          0x08005a57   Thumb Code     0  startup_stm32f10x_hd.o(.text)
    TIM5_IRQHandler                          0x08005a57   Thumb Code     0  startup_stm32f10x_hd.o(.text)
    TIM6_IRQHandler                          0x08005a57   Thumb Code     0  startup_stm32f10x_hd.o(.text)
    TIM7_IRQHandler                          0x08005a57   Thumb Code     0  startup_stm32f10x_hd.o(.text)
    TIM8_BRK_IRQHandler                      0x08005a57   Thumb Code     0  startup_stm32f10x_hd.o(.text)
    TIM8_CC_IRQHandler                       0x08005a57   Thumb Code     0  startup_stm32f10x_hd.o(.text)
    TIM8_TRG_COM_IRQHandler                  0x08005a57   Thumb Code     0  startup_stm32f10x_hd.o(.text)
    TIM8_UP_IRQHandler                       0x08005a57   Thumb Code     0  startup_stm32f10x_hd.o(.text)
    UART4_IRQHandler                         0x08005a57   Thumb Code     0  startup_stm32f10x_hd.o(.text)
    UART5_IRQHandler                         0x08005a57   Thumb Code     0  startup_stm32f10x_hd.o(.text)
    USART2_IRQHandler                        0x08005a57   Thumb Code     0  startup_stm32f10x_hd.o(.text)
    USART3_IRQHandler                        0x08005a57   Thumb Code     0  startup_stm32f10x_hd.o(.text)
    USBWakeUp_IRQHandler                     0x08005a57   Thumb Code     0  startup_stm32f10x_hd.o(.text)
    USB_HP_CAN1_TX_IRQHandler                0x08005a57   Thumb Code     0  startup_stm32f10x_hd.o(.text)
    USB_LP_CAN1_RX0_IRQHandler               0x08005a57   Thumb Code     0  startup_stm32f10x_hd.o(.text)
    WWDG_IRQHandler                          0x08005a57   Thumb Code     0  startup_stm32f10x_hd.o(.text)
    __user_initial_stackheap                 0x08005a59   Thumb Code     0  startup_stm32f10x_hd.o(.text)
    NVIC_PriorityGroupConfig                 0x08005a7d   Thumb Code    10  misc.o(.text)
    NVIC_Init                                0x08005a87   Thumb Code   100  misc.o(.text)
    NVIC_SetVectorTable                      0x08005aeb   Thumb Code    14  misc.o(.text)
    NVIC_SystemLPConfig                      0x08005af9   Thumb Code    34  misc.o(.text)
    SysTick_CLKSourceConfig                  0x08005b1b   Thumb Code    40  misc.o(.text)
    ADC_DeInit                               0x08005b59   Thumb Code    78  stm32f10x_adc.o(.text)
    ADC_Init                                 0x08005ba7   Thumb Code    70  stm32f10x_adc.o(.text)
    ADC_StructInit                           0x08005bed   Thumb Code    18  stm32f10x_adc.o(.text)
    ADC_Cmd                                  0x08005bff   Thumb Code    22  stm32f10x_adc.o(.text)
    ADC_DMACmd                               0x08005c15   Thumb Code    22  stm32f10x_adc.o(.text)
    ADC_ITConfig                             0x08005c2b   Thumb Code    24  stm32f10x_adc.o(.text)
    ADC_ResetCalibration                     0x08005c43   Thumb Code    10  stm32f10x_adc.o(.text)
    ADC_GetResetCalibrationStatus            0x08005c4d   Thumb Code    20  stm32f10x_adc.o(.text)
    ADC_StartCalibration                     0x08005c61   Thumb Code    10  stm32f10x_adc.o(.text)
    ADC_GetCalibrationStatus                 0x08005c6b   Thumb Code    20  stm32f10x_adc.o(.text)
    ADC_SoftwareStartConvCmd                 0x08005c7f   Thumb Code    22  stm32f10x_adc.o(.text)
    ADC_GetSoftwareStartConvStatus           0x08005c95   Thumb Code    20  stm32f10x_adc.o(.text)
    ADC_DiscModeChannelCountConfig           0x08005ca9   Thumb Code    24  stm32f10x_adc.o(.text)
    ADC_DiscModeCmd                          0x08005cc1   Thumb Code    22  stm32f10x_adc.o(.text)
    ADC_RegularChannelConfig                 0x08005cd7   Thumb Code   184  stm32f10x_adc.o(.text)
    ADC_ExternalTrigConvCmd                  0x08005d8f   Thumb Code    22  stm32f10x_adc.o(.text)
    ADC_GetConversionValue                   0x08005da5   Thumb Code     8  stm32f10x_adc.o(.text)
    ADC_GetDualModeConversionValue           0x08005dad   Thumb Code     8  stm32f10x_adc.o(.text)
    ADC_AutoInjectedConvCmd                  0x08005db5   Thumb Code    22  stm32f10x_adc.o(.text)
    ADC_InjectedDiscModeCmd                  0x08005dcb   Thumb Code    22  stm32f10x_adc.o(.text)
    ADC_ExternalTrigInjectedConvConfig       0x08005de1   Thumb Code    16  stm32f10x_adc.o(.text)
    ADC_ExternalTrigInjectedConvCmd          0x08005df1   Thumb Code    22  stm32f10x_adc.o(.text)
    ADC_SoftwareStartInjectedConvCmd         0x08005e07   Thumb Code    22  stm32f10x_adc.o(.text)
    ADC_GetSoftwareStartInjectedConvCmdStatus 0x08005e1d   Thumb Code    20  stm32f10x_adc.o(.text)
    ADC_InjectedChannelConfig                0x08005e31   Thumb Code   130  stm32f10x_adc.o(.text)
    ADC_InjectedSequencerLengthConfig        0x08005eb3   Thumb Code    24  stm32f10x_adc.o(.text)
    ADC_SetInjectedOffset                    0x08005ecb   Thumb Code    20  stm32f10x_adc.o(.text)
    ADC_GetInjectedConversionValue           0x08005edf   Thumb Code    28  stm32f10x_adc.o(.text)
    ADC_AnalogWatchdogCmd                    0x08005efb   Thumb Code    16  stm32f10x_adc.o(.text)
    ADC_AnalogWatchdogThresholdsConfig       0x08005f0b   Thumb Code     6  stm32f10x_adc.o(.text)
    ADC_AnalogWatchdogSingleChannelConfig    0x08005f11   Thumb Code    16  stm32f10x_adc.o(.text)
    ADC_TempSensorVrefintCmd                 0x08005f21   Thumb Code    64  stm32f10x_adc.o(.text)
    ADC_GetFlagStatus                        0x08005f61   Thumb Code    18  stm32f10x_adc.o(.text)
    ADC_ClearFlag                            0x08005f73   Thumb Code     6  stm32f10x_adc.o(.text)
    ADC_GetITStatus                          0x08005f79   Thumb Code    36  stm32f10x_adc.o(.text)
    ADC_ClearITPendingBit                    0x08005f9d   Thumb Code    10  stm32f10x_adc.o(.text)
    FSMC_NORSRAMDeInit                       0x08005fa9   Thumb Code    54  stm32f10x_fsmc.o(.text)
    FSMC_NANDDeInit                          0x08005fdf   Thumb Code    62  stm32f10x_fsmc.o(.text)
    FSMC_PCCARDDeInit                        0x0800601d   Thumb Code    36  stm32f10x_fsmc.o(.text)
    FSMC_NORSRAMInit                         0x08006041   Thumb Code   230  stm32f10x_fsmc.o(.text)
    FSMC_NANDInit                            0x08006127   Thumb Code   132  stm32f10x_fsmc.o(.text)
    FSMC_PCCARDInit                          0x080061ab   Thumb Code   130  stm32f10x_fsmc.o(.text)
    FSMC_NORSRAMStructInit                   0x0800622d   Thumb Code   114  stm32f10x_fsmc.o(.text)
    FSMC_NANDStructInit                      0x0800629f   Thumb Code    54  stm32f10x_fsmc.o(.text)
    FSMC_PCCARDStructInit                    0x080062d5   Thumb Code    60  stm32f10x_fsmc.o(.text)
    FSMC_NORSRAMCmd                          0x08006311   Thumb Code    46  stm32f10x_fsmc.o(.text)
    FSMC_NANDCmd                             0x0800633f   Thumb Code    86  stm32f10x_fsmc.o(.text)
    FSMC_PCCARDCmd                           0x08006395   Thumb Code    44  stm32f10x_fsmc.o(.text)
    FSMC_NANDECCCmd                          0x080063c1   Thumb Code    90  stm32f10x_fsmc.o(.text)
    FSMC_GetECC                              0x0800641b   Thumb Code    24  stm32f10x_fsmc.o(.text)
    FSMC_ITConfig                            0x08006433   Thumb Code   128  stm32f10x_fsmc.o(.text)
    FSMC_GetFlagStatus                       0x080064b3   Thumb Code    54  stm32f10x_fsmc.o(.text)
    FSMC_ClearFlag                           0x080064e9   Thumb Code    62  stm32f10x_fsmc.o(.text)
    FSMC_GetITStatus                         0x08006527   Thumb Code    64  stm32f10x_fsmc.o(.text)
    FSMC_ClearITPendingBit                   0x08006567   Thumb Code    68  stm32f10x_fsmc.o(.text)
    GPIO_DeInit                              0x080065b5   Thumb Code   172  stm32f10x_gpio.o(.text)
    GPIO_AFIODeInit                          0x08006661   Thumb Code    20  stm32f10x_gpio.o(.text)
    GPIO_Init                                0x08006675   Thumb Code   278  stm32f10x_gpio.o(.text)
    GPIO_StructInit                          0x0800678b   Thumb Code    16  stm32f10x_gpio.o(.text)
    GPIO_ReadInputDataBit                    0x0800679b   Thumb Code    18  stm32f10x_gpio.o(.text)
    GPIO_ReadInputData                       0x080067ad   Thumb Code     8  stm32f10x_gpio.o(.text)
    GPIO_ReadOutputDataBit                   0x080067b5   Thumb Code    18  stm32f10x_gpio.o(.text)
    GPIO_ReadOutputData                      0x080067c7   Thumb Code     8  stm32f10x_gpio.o(.text)
    GPIO_SetBits                             0x080067cf   Thumb Code     4  stm32f10x_gpio.o(.text)
    GPIO_ResetBits                           0x080067d3   Thumb Code     4  stm32f10x_gpio.o(.text)
    GPIO_WriteBit                            0x080067d7   Thumb Code    10  stm32f10x_gpio.o(.text)
    GPIO_Write                               0x080067e1   Thumb Code     4  stm32f10x_gpio.o(.text)
    GPIO_PinLockConfig                       0x080067e5   Thumb Code    18  stm32f10x_gpio.o(.text)
    GPIO_EventOutputConfig                   0x080067f7   Thumb Code    26  stm32f10x_gpio.o(.text)
    GPIO_EventOutputCmd                      0x08006811   Thumb Code     6  stm32f10x_gpio.o(.text)
    GPIO_PinRemapConfig                      0x08006817   Thumb Code   138  stm32f10x_gpio.o(.text)
    GPIO_EXTILineConfig                      0x080068a1   Thumb Code    66  stm32f10x_gpio.o(.text)
    GPIO_ETH_MediaInterfaceConfig            0x080068e3   Thumb Code     8  stm32f10x_gpio.o(.text)
    RCC_DeInit                               0x08006911   Thumb Code    64  stm32f10x_rcc.o(.text)
    RCC_HSEConfig                            0x08006951   Thumb Code    70  stm32f10x_rcc.o(.text)
    RCC_GetFlagStatus                        0x08006997   Thumb Code    56  stm32f10x_rcc.o(.text)
    RCC_WaitForHSEStartUp                    0x080069cf   Thumb Code    56  stm32f10x_rcc.o(.text)
    RCC_AdjustHSICalibrationValue            0x08006a07   Thumb Code    20  stm32f10x_rcc.o(.text)
    RCC_HSICmd                               0x08006a1b   Thumb Code     6  stm32f10x_rcc.o(.text)
    RCC_PLLConfig                            0x08006a21   Thumb Code    24  stm32f10x_rcc.o(.text)
    RCC_PLLCmd                               0x08006a39   Thumb Code     6  stm32f10x_rcc.o(.text)
    RCC_SYSCLKConfig                         0x08006a3f   Thumb Code    18  stm32f10x_rcc.o(.text)
    RCC_GetSYSCLKSource                      0x08006a51   Thumb Code    10  stm32f10x_rcc.o(.text)
    RCC_HCLKConfig                           0x08006a5b   Thumb Code    18  stm32f10x_rcc.o(.text)
    RCC_PCLK1Config                          0x08006a6d   Thumb Code    18  stm32f10x_rcc.o(.text)
    RCC_PCLK2Config                          0x08006a7f   Thumb Code    20  stm32f10x_rcc.o(.text)
    RCC_ITConfig                             0x08006a93   Thumb Code    26  stm32f10x_rcc.o(.text)
    RCC_USBCLKConfig                         0x08006aad   Thumb Code     8  stm32f10x_rcc.o(.text)
    RCC_ADCCLKConfig                         0x08006ab5   Thumb Code    18  stm32f10x_rcc.o(.text)
    RCC_LSEConfig                            0x08006ac7   Thumb Code    50  stm32f10x_rcc.o(.text)
    RCC_LSICmd                               0x08006af9   Thumb Code     6  stm32f10x_rcc.o(.text)
    RCC_RTCCLKConfig                         0x08006aff   Thumb Code    12  stm32f10x_rcc.o(.text)
    RCC_RTCCLKCmd                            0x08006b0b   Thumb Code     8  stm32f10x_rcc.o(.text)
    RCC_GetClocksFreq                        0x08006b13   Thumb Code   192  stm32f10x_rcc.o(.text)
    RCC_AHBPeriphClockCmd                    0x08006bd3   Thumb Code    26  stm32f10x_rcc.o(.text)
    RCC_APB2PeriphClockCmd                   0x08006bed   Thumb Code    26  stm32f10x_rcc.o(.text)
    RCC_APB1PeriphClockCmd                   0x08006c07   Thumb Code    26  stm32f10x_rcc.o(.text)
    RCC_APB2PeriphResetCmd                   0x08006c21   Thumb Code    26  stm32f10x_rcc.o(.text)
    RCC_APB1PeriphResetCmd                   0x08006c3b   Thumb Code    26  stm32f10x_rcc.o(.text)
    RCC_BackupResetCmd                       0x08006c55   Thumb Code     8  stm32f10x_rcc.o(.text)
    RCC_ClockSecuritySystemCmd               0x08006c5d   Thumb Code     6  stm32f10x_rcc.o(.text)
    RCC_MCOConfig                            0x08006c63   Thumb Code     6  stm32f10x_rcc.o(.text)
    RCC_ClearFlag                            0x08006c69   Thumb Code    14  stm32f10x_rcc.o(.text)
    RCC_GetITStatus                          0x08006c77   Thumb Code    20  stm32f10x_rcc.o(.text)
    RCC_ClearITPendingBit                    0x08006c8b   Thumb Code     6  stm32f10x_rcc.o(.text)
    USART_DeInit                             0x08006cb5   Thumb Code   134  stm32f10x_usart.o(.text)
    USART_Init                               0x08006d3b   Thumb Code   210  stm32f10x_usart.o(.text)
    USART_StructInit                         0x08006e0d   Thumb Code    24  stm32f10x_usart.o(.text)
    USART_ClockInit                          0x08006e25   Thumb Code    34  stm32f10x_usart.o(.text)
    USART_ClockStructInit                    0x08006e47   Thumb Code    12  stm32f10x_usart.o(.text)
    USART_Cmd                                0x08006e53   Thumb Code    24  stm32f10x_usart.o(.text)
    USART_ITConfig                           0x08006e6b   Thumb Code    74  stm32f10x_usart.o(.text)
    USART_DMACmd                             0x08006eb5   Thumb Code    18  stm32f10x_usart.o(.text)
    USART_SetAddress                         0x08006ec7   Thumb Code    18  stm32f10x_usart.o(.text)
    USART_WakeUpConfig                       0x08006ed9   Thumb Code    18  stm32f10x_usart.o(.text)
    USART_ReceiverWakeUpCmd                  0x08006eeb   Thumb Code    24  stm32f10x_usart.o(.text)
    USART_LINBreakDetectLengthConfig         0x08006f03   Thumb Code    18  stm32f10x_usart.o(.text)
    USART_LINCmd                             0x08006f15   Thumb Code    24  stm32f10x_usart.o(.text)
    USART_SendData                           0x08006f2d   Thumb Code     8  stm32f10x_usart.o(.text)
    USART_ReceiveData                        0x08006f35   Thumb Code    10  stm32f10x_usart.o(.text)
    USART_SendBreak                          0x08006f3f   Thumb Code    10  stm32f10x_usart.o(.text)
    USART_SetGuardTime                       0x08006f49   Thumb Code    16  stm32f10x_usart.o(.text)
    USART_SetPrescaler                       0x08006f59   Thumb Code    16  stm32f10x_usart.o(.text)
    USART_SmartCardCmd                       0x08006f69   Thumb Code    24  stm32f10x_usart.o(.text)
    USART_SmartCardNACKCmd                   0x08006f81   Thumb Code    24  stm32f10x_usart.o(.text)
    USART_HalfDuplexCmd                      0x08006f99   Thumb Code    24  stm32f10x_usart.o(.text)
    USART_OverSampling8Cmd                   0x08006fb1   Thumb Code    22  stm32f10x_usart.o(.text)
    USART_OneBitMethodCmd                    0x08006fc7   Thumb Code    24  stm32f10x_usart.o(.text)
    USART_IrDAConfig                         0x08006fdf   Thumb Code    18  stm32f10x_usart.o(.text)
    USART_IrDACmd                            0x08006ff1   Thumb Code    24  stm32f10x_usart.o(.text)
    USART_GetFlagStatus                      0x08007009   Thumb Code    26  stm32f10x_usart.o(.text)
    USART_ClearFlag                          0x08007023   Thumb Code    18  stm32f10x_usart.o(.text)
    USART_GetITStatus                        0x08007035   Thumb Code    84  stm32f10x_usart.o(.text)
    USART_ClearITPendingBit                  0x08007089   Thumb Code    52  stm32f10x_usart.o(.text)
    EXTI_DeInit                              0x080070bd   Thumb Code    28  stm32f10x_exti.o(.text)
    EXTI_Init                                0x080070d9   Thumb Code   142  stm32f10x_exti.o(.text)
    EXTI_StructInit                          0x08007167   Thumb Code    16  stm32f10x_exti.o(.text)
    EXTI_GenerateSWInterrupt                 0x08007177   Thumb Code    16  stm32f10x_exti.o(.text)
    EXTI_GetFlagStatus                       0x08007187   Thumb Code    22  stm32f10x_exti.o(.text)
    EXTI_ClearFlag                           0x0800719d   Thumb Code     8  stm32f10x_exti.o(.text)
    EXTI_GetITStatus                         0x080071a5   Thumb Code    34  stm32f10x_exti.o(.text)
    EXTI_ClearITPendingBit                   0x080071c7   Thumb Code     8  stm32f10x_exti.o(.text)
    __use_no_semihosting                     0x080071d9   Thumb Code     2  use_no_semi_2.o(.text)
    __2printf                                0x080071dd   Thumb Code    20  noretval__2printf.o(.text)
    __printf                                 0x080071f5   Thumb Code   104  __printf.o(.text)
    _printf_int_hex                          0x0800725d   Thumb Code    84  _printf_hex_int.o(.text)
    _printf_longlong_hex                     0x0800725d   Thumb Code     0  _printf_hex_int.o(.text)
    __use_two_region_memory                  0x080072b5   Thumb Code     2  heapauxi.o(.text)
    __rt_heap_escrow$2region                 0x080072b7   Thumb Code     2  heapauxi.o(.text)
    __rt_heap_expand$2region                 0x080072b9   Thumb Code     2  heapauxi.o(.text)
    __I$use$semihosting                      0x080072bb   Thumb Code     0  use_no_semi.o(.text)
    __use_no_semihosting_swi                 0x080072bb   Thumb Code     2  use_no_semi.o(.text)
    _printf_int_common                       0x080072bd   Thumb Code   178  _printf_intcommon.o(.text)
    _printf_char_file                        0x08007371   Thumb Code    32  _printf_char_file.o(.text)
    _printf_char_common                      0x0800739f   Thumb Code    32  _printf_char_common.o(.text)
    ferror                                   0x080073c5   Thumb Code     8  ferror.o(.text)
    __user_setup_stackheap                   0x080073cd   Thumb Code    74  sys_stackheap_outer.o(.text)
    exit                                     0x08007417   Thumb Code    12  exit.o(.text)
    __user_libspace                          0x08007425   Thumb Code     8  libspace.o(.text)
    __user_perproc_libspace                  0x08007425   Thumb Code     0  libspace.o(.text)
    __user_perthread_libspace                0x08007425   Thumb Code     0  libspace.o(.text)
    __aeabi_d2f                              0x0800742d   Thumb Code     0  d2f.o(x$fpl$d2f)
    _d2f                                     0x0800742d   Thumb Code    98  d2f.o(x$fpl$d2f)
    __aeabi_d2uiz                            0x08007491   Thumb Code     0  dfixu.o(x$fpl$dfixu)
    _dfixu                                   0x08007491   Thumb Code    90  dfixu.o(x$fpl$dfixu)
    __aeabi_ui2d                             0x080074eb   Thumb Code     0  dflt_clz.o(x$fpl$dfltu)
    _dfltu                                   0x080074eb   Thumb Code    38  dflt_clz.o(x$fpl$dfltu)
    __aeabi_dmul                             0x08007511   Thumb Code     0  dmul.o(x$fpl$dmul)
    _dmul                                    0x08007511   Thumb Code   332  dmul.o(x$fpl$dmul)
    __fpl_dnaninf                            0x08007665   Thumb Code   156  dnaninf.o(x$fpl$dnaninf)
    __fpl_dretinf                            0x08007701   Thumb Code    12  dretinf.o(x$fpl$dretinf)
    __aeabi_f2d                              0x0800770d   Thumb Code     0  f2d.o(x$fpl$f2d)
    _f2d                                     0x0800770d   Thumb Code    86  f2d.o(x$fpl$f2d)
    __aeabi_fadd                             0x08007765   Thumb Code     0  faddsub_clz.o(x$fpl$fadd)
    _fadd                                    0x08007765   Thumb Code   196  faddsub_clz.o(x$fpl$fadd)
    __fpl_fcmp_Inf                           0x08007829   Thumb Code    24  fcmpi.o(x$fpl$fcmpinf)
    __aeabi_f2uiz                            0x08007841   Thumb Code     0  ffixu.o(x$fpl$ffixu)
    _ffixu                                   0x08007841   Thumb Code    62  ffixu.o(x$fpl$ffixu)
    __aeabi_i2f                              0x08007881   Thumb Code     0  fflt_clz.o(x$fpl$fflt)
    _fflt                                    0x08007881   Thumb Code    48  fflt_clz.o(x$fpl$fflt)
    __aeabi_ui2f                             0x080078b1   Thumb Code     0  fflt_clz.o(x$fpl$ffltu)
    _ffltu                                   0x080078b1   Thumb Code    38  fflt_clz.o(x$fpl$ffltu)
    __aeabi_cfcmple                          0x080078d9   Thumb Code     0  fleqf.o(x$fpl$fleqf)
    _fcmple                                  0x080078d9   Thumb Code   104  fleqf.o(x$fpl$fleqf)
    __fpl_fcmple_InfNaN                      0x0800792b   Thumb Code     0  fleqf.o(x$fpl$fleqf)
    __aeabi_fmul                             0x08007941   Thumb Code     0  fmul.o(x$fpl$fmul)
    _fmul                                    0x08007941   Thumb Code   258  fmul.o(x$fpl$fmul)
    __fpl_fnaninf                            0x08007a43   Thumb Code   140  fnaninf.o(x$fpl$fnaninf)
    __fpl_fretinf                            0x08007acf   Thumb Code    10  fretinf.o(x$fpl$fretinf)
    __aeabi_frsub                            0x08007ad9   Thumb Code     0  faddsub_clz.o(x$fpl$frsb)
    _frsb                                    0x08007ad9   Thumb Code    20  faddsub_clz.o(x$fpl$frsb)
    __aeabi_fsub                             0x08007aed   Thumb Code     0  faddsub_clz.o(x$fpl$fsub)
    _fsub                                    0x08007aed   Thumb Code   234  faddsub_clz.o(x$fpl$fsub)
    __I$use$fp                               0x08007bd6   Number         0  usenofp.o(x$fpl$usenofp)
    asc2_1206                                0x08007bd6   Data        1140  lcd.o(.constdata)
    asc2_1608                                0x0800804a   Data        1520  lcd.o(.constdata)
    asc2_2412                                0x0800863a   Data        3420  lcd.o(.constdata)
    Region$$Table$$Base                      0x080093c0   Number         0  anon$$obj.o(Region$$Table)
    Region$$Table$$Limit                     0x080093e0   Number         0  anon$$obj.o(Region$$Table)
    SystemCoreClock                          0x20000000   Data           4  system_stm32f10x.o(.data)
    AHBPrescTable                            0x20000004   Data          16  system_stm32f10x.o(.data)
    POINT_COLOR                              0x20000016   Data           2  lcd.o(.data)
    BACK_COLOR                               0x20000018   Data           2  lcd.o(.data)
    table                                    0x2000001c   Data         100  exti.o(.data)
    table1                                   0x20000080   Data         320  exti.o(.data)
    Ypos1                                    0x200001c0   Data           2  exti.o(.data)
    Ypos2                                    0x200001c2   Data           2  exti.o(.data)
    Xpos1                                    0x200001c4   Data           2  exti.o(.data)
    Xpos2                                    0x200001c6   Data           2  exti.o(.data)
    Ypos3                                    0x200001c8   Data           2  exti.o(.data)
    Ypos4                                    0x200001ca   Data           2  exti.o(.data)
    Xpos3                                    0x200001cc   Data           2  exti.o(.data)
    Xpos4                                    0x200001ce   Data           2  exti.o(.data)
    Ypos5                                    0x200001d0   Data           2  exti.o(.data)
    Ypos6                                    0x200001d2   Data           2  exti.o(.data)
    Xpos5                                    0x200001d4   Data           2  exti.o(.data)
    Xpos6                                    0x200001d6   Data           2  exti.o(.data)
    Ypos7                                    0x200001d8   Data           2  exti.o(.data)
    Ypos8                                    0x200001da   Data           2  exti.o(.data)
    Xpos7                                    0x200001dc   Data           2  exti.o(.data)
    Xpos8                                    0x200001de   Data           2  exti.o(.data)
    Ypos9                                    0x200001e0   Data           2  exti.o(.data)
    Ypos10                                   0x200001e2   Data           2  exti.o(.data)
    Xpos9                                    0x200001e4   Data           2  exti.o(.data)
    Xpos10                                   0x200001e6   Data           2  exti.o(.data)
    Ypos11                                   0x200001e8   Data           2  exti.o(.data)
    Ypos12                                   0x200001ea   Data           2  exti.o(.data)
    Xpos11                                   0x200001ec   Data           2  exti.o(.data)
    Xpos12                                   0x200001ee   Data           2  exti.o(.data)
    adcx                                     0x200001f0   Data           2  exti.o(.data)
    dsl                                      0x200001f2   Data           2  exti.o(.data)
    temp1                                    0x200001f4   Data           4  exti.o(.data)
    t                                        0x200001f8   Data           2  exti.o(.data)
    p                                        0x200001fc   Data           4  exti.o(.data)
    h                                        0x20000200   Data           2  exti.o(.data)
    d                                        0x20000202   Data           2  exti.o(.data)
    tim                                      0x20000204   Data           4  exti.o(.data)
    bei                                      0x20000208   Data           4  exti.o(.data)
    Yinit                                    0x2000020c   Data           2  exti.o(.data)
    a                                        0x2000020e   Data           1  exti.o(.data)
    len                                      0x2000020f   Data           1  exti.o(.data)
    b                                        0x20000210   Data           4  exti.o(.data)
    c                                        0x20000214   Data           4  exti.o(.data)
    __stdout                                 0x2000021c   Data           4  usart.o(.data)
    USART_RX_STA                             0x20000220   Data           2  usart.o(.data)
    lcddev                                   0x20000238   Data          14  lcd.o(.bss)
    buf                                      0x20000246   Data        2000  exti.o(.bss)
    buf1                                     0x20000a16   Data        2000  exti.o(.bss)
    buf2                                     0x200011e6   Data        2000  exti.o(.bss)
    buf3                                     0x200019b6   Data        2000  exti.o(.bss)
    buf4                                     0x20002186   Data        2000  exti.o(.bss)
    buf5                                     0x20002956   Data        2000  exti.o(.bss)
    USART_RX_BUF                             0x20003126   Data         200  usart.o(.bss)
    __libspace_start                         0x200031f0   Data          96  libspace.o(.bss)
    __temporary_stack_top$libspace           0x20003250   Data           0  libspace.o(.bss)



==============================================================================

Memory Map of the image

  Image Entry point : 0x08000131

  Load Region LR_IROM1 (Base: 0x08000000, Size: 0x00009618, Max: 0x00080000, ABSOLUTE, COMPRESSED[0x00009574])

    Execution Region ER_IROM1 (Base: 0x08000000, Size: 0x000093e0, Max: 0x00080000, ABSOLUTE)

    Base Addr    Size         Type   Attr      Idx    E Section Name        Object

    0x08000000   0x00000130   Data   RO          342    RESET               startup_stm32f10x_hd.o
    0x08000130   0x00000008   Code   RO          488  * !!!main             c_w.l(__main.o)
    0x08000138   0x00000034   Code   RO          704    !!!scatter          c_w.l(__scatter.o)
    0x0800016c   0x0000005a   Code   RO          702    !!dczerorl2         c_w.l(__dczerorl2.o)
    0x080001c6   0x00000002   PAD
    0x080001c8   0x0000001c   Code   RO          706    !!handler_zi        c_w.l(__scatter_zi.o)
    0x080001e4   0x00000000   Code   RO          485    .ARM.Collect$$_printf_percent$$00000000  c_w.l(_printf_percent.o)
    0x080001e4   0x00000006   Code   RO          484    .ARM.Collect$$_printf_percent$$0000000C  c_w.l(_printf_x.o)
    0x080001ea   0x00000004   Code   RO          533    .ARM.Collect$$_printf_percent$$00000017  c_w.l(_printf_percent_end.o)
    0x080001ee   0x00000002   Code   RO          577    .ARM.Collect$$libinit$$00000000  c_w.l(libinit.o)
    0x080001f0   0x00000000   Code   RO          584    .ARM.Collect$$libinit$$00000002  c_w.l(libinit2.o)
    0x080001f0   0x00000000   Code   RO          586    .ARM.Collect$$libinit$$00000004  c_w.l(libinit2.o)
    0x080001f0   0x00000000   Code   RO          589    .ARM.Collect$$libinit$$0000000A  c_w.l(libinit2.o)
    0x080001f0   0x00000000   Code   RO          591    .ARM.Collect$$libinit$$0000000C  c_w.l(libinit2.o)
    0x080001f0   0x00000000   Code   RO          593    .ARM.Collect$$libinit$$0000000E  c_w.l(libinit2.o)
    0x080001f0   0x00000000   Code   RO          596    .ARM.Collect$$libinit$$00000011  c_w.l(libinit2.o)
    0x080001f0   0x00000000   Code   RO          598    .ARM.Collect$$libinit$$00000013  c_w.l(libinit2.o)
    0x080001f0   0x00000000   Code   RO          600    .ARM.Collect$$libinit$$00000015  c_w.l(libinit2.o)
    0x080001f0   0x00000000   Code   RO          602    .ARM.Collect$$libinit$$00000017  c_w.l(libinit2.o)
    0x080001f0   0x00000000   Code   RO          604    .ARM.Collect$$libinit$$00000019  c_w.l(libinit2.o)
    0x080001f0   0x00000000   Code   RO          606    .ARM.Collect$$libinit$$0000001B  c_w.l(libinit2.o)
    0x080001f0   0x00000000   Code   RO          608    .ARM.Collect$$libinit$$0000001D  c_w.l(libinit2.o)
    0x080001f0   0x00000000   Code   RO          610    .ARM.Collect$$libinit$$0000001F  c_w.l(libinit2.o)
    0x080001f0   0x00000000   Code   RO          612    .ARM.Collect$$libinit$$00000021  c_w.l(libinit2.o)
    0x080001f0   0x00000000   Code   RO          614    .ARM.Collect$$libinit$$00000023  c_w.l(libinit2.o)
    0x080001f0   0x00000000   Code   RO          616    .ARM.Collect$$libinit$$00000025  c_w.l(libinit2.o)
    0x080001f0   0x00000000   Code   RO          620    .ARM.Collect$$libinit$$0000002C  c_w.l(libinit2.o)
    0x080001f0   0x00000000   Code   RO          622    .ARM.Collect$$libinit$$0000002E  c_w.l(libinit2.o)
    0x080001f0   0x00000000   Code   RO          624    .ARM.Collect$$libinit$$00000030  c_w.l(libinit2.o)
    0x080001f0   0x00000000   Code   RO          626    .ARM.Collect$$libinit$$00000032  c_w.l(libinit2.o)
    0x080001f0   0x00000002   Code   RO          627    .ARM.Collect$$libinit$$00000033  c_w.l(libinit2.o)
    0x080001f2   0x00000002   Code   RO          645    .ARM.Collect$$libshutdown$$00000000  c_w.l(libshutdown.o)
    0x080001f4   0x00000000   Code   RO          656    .ARM.Collect$$libshutdown$$00000003  c_w.l(libshutdown2.o)
    0x080001f4   0x00000000   Code   RO          659    .ARM.Collect$$libshutdown$$00000006  c_w.l(libshutdown2.o)
    0x080001f4   0x00000000   Code   RO          662    .ARM.Collect$$libshutdown$$00000009  c_w.l(libshutdown2.o)
    0x080001f4   0x00000000   Code   RO          664    .ARM.Collect$$libshutdown$$0000000B  c_w.l(libshutdown2.o)
    0x080001f4   0x00000000   Code   RO          667    .ARM.Collect$$libshutdown$$0000000E  c_w.l(libshutdown2.o)
    0x080001f4   0x00000002   Code   RO          668    .ARM.Collect$$libshutdown$$0000000F  c_w.l(libshutdown2.o)
    0x080001f6   0x00000000   Code   RO          528    .ARM.Collect$$rtentry$$00000000  c_w.l(__rtentry.o)
    0x080001f6   0x00000000   Code   RO          546    .ARM.Collect$$rtentry$$00000002  c_w.l(__rtentry2.o)
    0x080001f6   0x00000006   Code   RO          558    .ARM.Collect$$rtentry$$00000004  c_w.l(__rtentry4.o)
    0x080001fc   0x00000000   Code   RO          548    .ARM.Collect$$rtentry$$00000009  c_w.l(__rtentry2.o)
    0x080001fc   0x00000004   Code   RO          549    .ARM.Collect$$rtentry$$0000000A  c_w.l(__rtentry2.o)
    0x08000200   0x00000000   Code   RO          551    .ARM.Collect$$rtentry$$0000000C  c_w.l(__rtentry2.o)
    0x08000200   0x00000008   Code   RO          552    .ARM.Collect$$rtentry$$0000000D  c_w.l(__rtentry2.o)
    0x08000208   0x00000002   Code   RO          581    .ARM.Collect$$rtexit$$00000000  c_w.l(rtexit.o)
    0x0800020a   0x00000000   Code   RO          629    .ARM.Collect$$rtexit$$00000002  c_w.l(rtexit2.o)
    0x0800020a   0x00000004   Code   RO          630    .ARM.Collect$$rtexit$$00000003  c_w.l(rtexit2.o)
    0x0800020e   0x00000006   Code   RO          631    .ARM.Collect$$rtexit$$00000004  c_w.l(rtexit2.o)
    0x08000214   0x000000d4   Code   RO            1    .text               main.o
    0x080002e8   0x0000001a   Code   RO          134    .text               stm32f10x_it.o
    0x08000302   0x00000002   PAD
    0x08000304   0x000001e0   Code   RO          175    .text               system_stm32f10x.o
    0x080004e4   0x0000004c   Code   RO          193    .text               led.o
    0x08000530   0x000000fc   Code   RO          205    .text               key.o
    0x0800062c   0x00004a5c   Code   RO          218    .text               lcd.o
    0x08005088   0x000000ec   Code   RO          241    .text               adc.o
    0x08005174   0x000006b4   Code   RO          253    .text               exti.o
    0x08005828   0x000000d4   Code   RO          276    .text               delay.o
    0x080058fc   0x00000140   Code   RO          307    .text               usart.o
    0x08005a3c   0x00000040   Code   RO          343    .text               startup_stm32f10x_hd.o
    0x08005a7c   0x000000dc   Code   RO          347    .text               misc.o
    0x08005b58   0x0000044e   Code   RO          359    .text               stm32f10x_adc.o
    0x08005fa6   0x00000002   PAD
    0x08005fa8   0x0000060c   Code   RO          371    .text               stm32f10x_fsmc.o
    0x080065b4   0x0000035c   Code   RO          383    .text               stm32f10x_gpio.o
    0x08006910   0x000003a4   Code   RO          395    .text               stm32f10x_rcc.o
    0x08006cb4   0x00000408   Code   RO          409    .text               stm32f10x_usart.o
    0x080070bc   0x0000011c   Code   RO          421    .text               stm32f10x_exti.o
    0x080071d8   0x00000002   Code   RO          435    .text               c_w.l(use_no_semi_2.o)
    0x080071da   0x00000002   PAD
    0x080071dc   0x00000018   Code   RO          439    .text               c_w.l(noretval__2printf.o)
    0x080071f4   0x00000068   Code   RO          441    .text               c_w.l(__printf.o)
    0x0800725c   0x00000058   Code   RO          446    .text               c_w.l(_printf_hex_int.o)
    0x080072b4   0x00000006   Code   RO          486    .text               c_w.l(heapauxi.o)
    0x080072ba   0x00000002   Code   RO          526    .text               c_w.l(use_no_semi.o)
    0x080072bc   0x000000b2   Code   RO          529    .text               c_w.l(_printf_intcommon.o)
    0x0800736e   0x00000002   PAD
    0x08007370   0x00000024   Code   RO          531    .text               c_w.l(_printf_char_file.o)
    0x08007394   0x00000030   Code   RO          560    .text               c_w.l(_printf_char_common.o)
    0x080073c4   0x00000008   Code   RO          562    .text               c_w.l(ferror.o)
    0x080073cc   0x0000004a   Code   RO          566    .text               c_w.l(sys_stackheap_outer.o)
    0x08007416   0x0000000c   Code   RO          570    .text               c_w.l(exit.o)
    0x08007422   0x00000002   PAD
    0x08007424   0x00000008   Code   RO          578    .text               c_w.l(libspace.o)
    0x0800742c   0x00000062   Code   RO          490    x$fpl$d2f           fz_ws.l(d2f.o)
    0x0800748e   0x00000002   PAD
    0x08007490   0x0000005a   Code   RO          492    x$fpl$dfixu         fz_ws.l(dfixu.o)
    0x080074ea   0x00000026   Code   RO          496    x$fpl$dfltu         fz_ws.l(dflt_clz.o)
    0x08007510   0x00000154   Code   RO          502    x$fpl$dmul          fz_ws.l(dmul.o)
    0x08007664   0x0000009c   Code   RO          534    x$fpl$dnaninf       fz_ws.l(dnaninf.o)
    0x08007700   0x0000000c   Code   RO          536    x$fpl$dretinf       fz_ws.l(dretinf.o)
    0x0800770c   0x00000056   Code   RO          504    x$fpl$f2d           fz_ws.l(f2d.o)
    0x08007762   0x00000002   PAD
    0x08007764   0x000000c4   Code   RO          506    x$fpl$fadd          fz_ws.l(faddsub_clz.o)
    0x08007828   0x00000018   Code   RO          538    x$fpl$fcmpinf       fz_ws.l(fcmpi.o)
    0x08007840   0x0000003e   Code   RO          512    x$fpl$ffixu         fz_ws.l(ffixu.o)
    0x0800787e   0x00000002   PAD
    0x08007880   0x00000030   Code   RO          517    x$fpl$fflt          fz_ws.l(fflt_clz.o)
    0x080078b0   0x00000026   Code   RO          516    x$fpl$ffltu         fz_ws.l(fflt_clz.o)
    0x080078d6   0x00000002   PAD
    0x080078d8   0x00000068   Code   RO          522    x$fpl$fleqf         fz_ws.l(fleqf.o)
    0x08007940   0x00000102   Code   RO          524    x$fpl$fmul          fz_ws.l(fmul.o)
    0x08007a42   0x0000008c   Code   RO          540    x$fpl$fnaninf       fz_ws.l(fnaninf.o)
    0x08007ace   0x0000000a   Code   RO          542    x$fpl$fretinf       fz_ws.l(fretinf.o)
    0x08007ad8   0x00000014   Code   RO          507    x$fpl$frsb          fz_ws.l(faddsub_clz.o)
    0x08007aec   0x000000ea   Code   RO          508    x$fpl$fsub          fz_ws.l(faddsub_clz.o)
    0x08007bd6   0x00000000   Code   RO          544    x$fpl$usenofp       fz_ws.l(usenofp.o)
    0x08007bd6   0x000017c0   Data   RO          220    .constdata          lcd.o
    0x08009396   0x00000028   Data   RO          447    .constdata          c_w.l(_printf_hex_int.o)
    0x080093be   0x00000002   PAD
    0x080093c0   0x00000020   Data   RO          700    Region$$Table       anon$$obj.o


    Execution Region RW_IRAM1 (Base: 0x20000000, Size: 0x00003850, Max: 0x00010000, ABSOLUTE, COMPRESSED[0x00000194])

    Base Addr    Size         Type   Attr      Idx    E Section Name        Object

    0x20000000   0x00000014   Data   RW          176    .data               system_stm32f10x.o
    0x20000014   0x00000001   Data   RW          206    .data               key.o
    0x20000015   0x00000001   PAD
    0x20000016   0x00000004   Data   RW          221    .data               lcd.o
    0x2000001a   0x00000002   PAD
    0x2000001c   0x000001fc   Data   RW          255    .data               exti.o
    0x20000218   0x00000004   Data   RW          277    .data               delay.o
    0x2000021c   0x00000006   Data   RW          309    .data               usart.o
    0x20000222   0x00000014   Data   RW          396    .data               stm32f10x_rcc.o
    0x20000236   0x00000002   PAD
    0x20000238   0x0000000e   Zero   RW          219    .bss                lcd.o
    0x20000246   0x00002ee0   Zero   RW          254    .bss                exti.o
    0x20003126   0x000000c8   Zero   RW          308    .bss                usart.o
    0x200031ee   0x00000002   PAD
    0x200031f0   0x00000060   Zero   RW          579    .bss                c_w.l(libspace.o)
    0x20003250   0x00000200   Zero   RW          341    HEAP                startup_stm32f10x_hd.o
    0x20003450   0x00000400   Zero   RW          340    STACK               startup_stm32f10x_hd.o


==============================================================================

Image component sizes


      Code (inc. data)   RO Data    RW Data    ZI Data      Debug   Object Name

       236         10          0          0          0       1059   adc.o
       212         18          0          4          0        999   delay.o
      1716        138          0        508      12000       4156   exti.o
       252         12          0          1          0        816   key.o
     19036        162       6080          4         14      21590   lcd.o
        76          8          0          0          0        483   led.o
       212         28          0          0          0     252015   main.o
       220         22          0          0          0       1777   misc.o
        64         26        304          0       1536        784   startup_stm32f10x_hd.o
      1102         26          0          0          0      10809   stm32f10x_adc.o
       284         10          0          0          0       2207   stm32f10x_exti.o
      1548         18          0          0          0       5319   stm32f10x_fsmc.o
       860         38          0          0          0       5621   stm32f10x_gpio.o
        26          0          0          0          0       1166   stm32f10x_it.o
       932         36          0         20          0       8776   stm32f10x_rcc.o
      1032         22          0          0          0       8344   stm32f10x_usart.o
         0          0          0          0          0         32   sys.o
       480         38          0         20          0       1703   system_stm32f10x.o
       320         16          0          6        200       3114   usart.o

    ----------------------------------------------------------------------
     28612        628       6416        568      13752     330770   Object Totals
         0          0         32          0          0          0   (incl. Generated)
         4          0          0          5          2          0   (incl. Padding)

    ----------------------------------------------------------------------

      Code (inc. data)   RO Data    RW Data    ZI Data      Debug   Library Member Name

        90          0          0          0          0          0   __dczerorl2.o
         8          0          0          0          0         68   __main.o
       104          0          0          0          0         84   __printf.o
         0          0          0          0          0          0   __rtentry.o
        12          0          0          0          0          0   __rtentry2.o
         6          0          0          0          0          0   __rtentry4.o
        52          8          0          0          0          0   __scatter.o
        28          0          0          0          0          0   __scatter_zi.o
        48          6          0          0          0         96   _printf_char_common.o
        36          4          0          0          0         80   _printf_char_file.o
        88          4         40          0          0         88   _printf_hex_int.o
       178          0          0          0          0         88   _printf_intcommon.o
         0          0          0          0          0          0   _printf_percent.o
         4          0          0          0          0          0   _printf_percent_end.o
         6          0          0          0          0          0   _printf_x.o
        12          0          0          0          0         72   exit.o
         8          0          0          0          0         68   ferror.o
         6          0          0          0          0        152   heapauxi.o
         2          0          0          0          0          0   libinit.o
         2          0          0          0          0          0   libinit2.o
         2          0          0          0          0          0   libshutdown.o
         2          0          0          0          0          0   libshutdown2.o
         8          4          0          0         96         68   libspace.o
        24          4          0          0          0         84   noretval__2printf.o
         2          0          0          0          0          0   rtexit.o
        10          0          0          0          0          0   rtexit2.o
        74          0          0          0          0         80   sys_stackheap_outer.o
         2          0          0          0          0         68   use_no_semi.o
         2          0          0          0          0         68   use_no_semi_2.o
        98          4          0          0          0         92   d2f.o
        90          4          0          0          0         92   dfixu.o
        38          0          0          0          0         68   dflt_clz.o
       340         12          0          0          0        104   dmul.o
       156          4          0          0          0         92   dnaninf.o
        12          0          0          0          0         68   dretinf.o
        86          4          0          0          0         84   f2d.o
       450          8          0          0          0        236   faddsub_clz.o
        24          0          0          0          0         68   fcmpi.o
        62          4          0          0          0         84   ffixu.o
        86          0          0          0          0        136   fflt_clz.o
       104          4          0          0          0         84   fleqf.o
       258          4          0          0          0         84   fmul.o
       140          4          0          0          0         84   fnaninf.o
        10          0          0          0          0         68   fretinf.o
         0          0          0          0          0          0   usenofp.o

    ----------------------------------------------------------------------
      2786         82         42          0         96       2608   Library Totals
        16          0          2          0          0          0   (incl. Padding)

    ----------------------------------------------------------------------

      Code (inc. data)   RO Data    RW Data    ZI Data      Debug   Library Name

       816         30         40          0         96       1164   c_w.l
      1954         52          0          0          0       1444   fz_ws.l

    ----------------------------------------------------------------------
      2786         82         42          0         96       2608   Library Totals

    ----------------------------------------------------------------------

==============================================================================


      Code (inc. data)   RO Data    RW Data    ZI Data      Debug   

     31398        710       6458        568      13848     330358   Grand Totals
     31398        710       6458        404      13848     330358   ELF Image Totals (compressed)
     31398        710       6458        404          0          0   ROM Totals

==============================================================================

    Total RO  Size (Code + RO Data)                37856 (  36.97kB)
    Total RW  Size (RW Data + ZI Data)             14416 (  14.08kB)
    Total ROM Size (Code + RO Data + RW Data)      38260 (  37.36kB)

==============================================================================

